Component: ARM Compiler 5.06 update 7 (build 960) Tool: armlink [4d3601]

==============================================================================

Section Cross References

    startup_stm32f103xb.o(RESET) refers to startup_stm32f103xb.o(STACK) for __initial_sp
    startup_stm32f103xb.o(RESET) refers to startup_stm32f103xb.o(.text) for Reset_Handler
    startup_stm32f103xb.o(RESET) refers to stm32f1xx_it.o(i.NMI_Handler) for NMI_Handler
    startup_stm32f103xb.o(RESET) refers to stm32f1xx_it.o(i.HardFault_Handler) for HardFault_Handler
    startup_stm32f103xb.o(RESET) refers to stm32f1xx_it.o(i.MemManage_Handler) for MemManage_Handler
    startup_stm32f103xb.o(RESET) refers to stm32f1xx_it.o(i.BusFault_Handler) for BusFault_Handler
    startup_stm32f103xb.o(RESET) refers to stm32f1xx_it.o(i.UsageFault_Handler) for UsageFault_Handler
    startup_stm32f103xb.o(RESET) refers to port.o(.emb_text) for SVC_Handler
    startup_stm32f103xb.o(RESET) refers to stm32f1xx_it.o(i.DebugMon_Handler) for DebugMon_Handler
    startup_stm32f103xb.o(RESET) refers to stm32f1xx_it.o(i.SysTick_Handler) for SysTick_Handler
    startup_stm32f103xb.o(.text) refers to system_stm32f1xx.o(i.SystemInit) for SystemInit
    startup_stm32f103xb.o(.text) refers to entry.o(.ARM.Collect$$$$00000000) for __main
    main.o(i.SystemClock_Config) refers to memseta.o(.text) for __aeabi_memclr4
    main.o(i.SystemClock_Config) refers to stm32f1xx_hal_rcc.o(i.HAL_RCC_OscConfig) for HAL_RCC_OscConfig
    main.o(i.SystemClock_Config) refers to main.o(i.Error_Handler) for Error_Handler
    main.o(i.SystemClock_Config) refers to stm32f1xx_hal_rcc.o(i.HAL_RCC_ClockConfig) for HAL_RCC_ClockConfig
    main.o(i.main) refers to stm32f1xx_hal.o(i.HAL_Init) for HAL_Init
    main.o(i.main) refers to main.o(i.SystemClock_Config) for SystemClock_Config
    main.o(i.main) refers to gpio.o(i.MX_GPIO_Init) for MX_GPIO_Init
    main.o(i.main) refers to usart.o(i.MX_USART1_UART_Init) for MX_USART1_UART_Init
    main.o(i.main) refers to app_freertos.o(i.APP_FREERTOS_Start) for APP_FREERTOS_Start
    gpio.o(i.MX_GPIO_Init) refers to stm32f1xx_hal_gpio.o(i.HAL_GPIO_WritePin) for HAL_GPIO_WritePin
    gpio.o(i.MX_GPIO_Init) refers to stm32f1xx_hal_gpio.o(i.HAL_GPIO_Init) for HAL_GPIO_Init
    usart.o(i.HAL_UART_MspDeInit) refers to stm32f1xx_hal_gpio.o(i.HAL_GPIO_DeInit) for HAL_GPIO_DeInit
    usart.o(i.HAL_UART_MspInit) refers to stm32f1xx_hal_gpio.o(i.HAL_GPIO_Init) for HAL_GPIO_Init
    usart.o(i.MX_USART1_UART_Init) refers to stm32f1xx_hal_uart.o(i.HAL_UART_Init) for HAL_UART_Init
    usart.o(i.MX_USART1_UART_Init) refers to main.o(i.Error_Handler) for Error_Handler
    usart.o(i.MX_USART1_UART_Init) refers to usart.o(.bss) for huart1
    stm32f1xx_it.o(i.SysTick_Handler) refers to tasks.o(i.xTaskGetSchedulerState) for xTaskGetSchedulerState
    stm32f1xx_it.o(i.SysTick_Handler) refers to port.o(i.xPortSysTickHandler) for xPortSysTickHandler
    stm32f1xx_it.o(i.SysTick_Handler) refers to stm32f1xx_hal.o(i.HAL_IncTick) for HAL_IncTick
    stm32f1xx_hal_uart.o(i.HAL_HalfDuplex_Init) refers to usart.o(i.HAL_UART_MspInit) for HAL_UART_MspInit
    stm32f1xx_hal_uart.o(i.HAL_HalfDuplex_Init) refers to stm32f1xx_hal_uart.o(i.UART_SetConfig) for UART_SetConfig
    stm32f1xx_hal_uart.o(i.HAL_LIN_Init) refers to usart.o(i.HAL_UART_MspInit) for HAL_UART_MspInit
    stm32f1xx_hal_uart.o(i.HAL_LIN_Init) refers to stm32f1xx_hal_uart.o(i.UART_SetConfig) for UART_SetConfig
    stm32f1xx_hal_uart.o(i.HAL_MultiProcessor_Init) refers to usart.o(i.HAL_UART_MspInit) for HAL_UART_MspInit
    stm32f1xx_hal_uart.o(i.HAL_MultiProcessor_Init) refers to stm32f1xx_hal_uart.o(i.UART_SetConfig) for UART_SetConfig
    stm32f1xx_hal_uart.o(i.HAL_UARTEx_ReceiveToIdle) refers to stm32f1xx_hal.o(i.HAL_GetTick) for HAL_GetTick
    stm32f1xx_hal_uart.o(i.HAL_UARTEx_ReceiveToIdle_DMA) refers to stm32f1xx_hal_uart.o(i.UART_Start_Receive_DMA) for UART_Start_Receive_DMA
    stm32f1xx_hal_uart.o(i.HAL_UARTEx_ReceiveToIdle_IT) refers to stm32f1xx_hal_uart.o(i.UART_Start_Receive_IT) for UART_Start_Receive_IT
    stm32f1xx_hal_uart.o(i.HAL_UART_Abort) refers to stm32f1xx_hal_dma.o(i.HAL_DMA_Abort) for HAL_DMA_Abort
    stm32f1xx_hal_uart.o(i.HAL_UART_Abort) refers to stm32f1xx_hal_dma.o(i.HAL_DMA_GetError) for HAL_DMA_GetError
    stm32f1xx_hal_uart.o(i.HAL_UART_AbortReceive) refers to stm32f1xx_hal_dma.o(i.HAL_DMA_Abort) for HAL_DMA_Abort
    stm32f1xx_hal_uart.o(i.HAL_UART_AbortReceive) refers to stm32f1xx_hal_dma.o(i.HAL_DMA_GetError) for HAL_DMA_GetError
    stm32f1xx_hal_uart.o(i.HAL_UART_AbortReceive_IT) refers to stm32f1xx_hal_dma.o(i.HAL_DMA_Abort_IT) for HAL_DMA_Abort_IT
    stm32f1xx_hal_uart.o(i.HAL_UART_AbortReceive_IT) refers to stm32f1xx_hal_uart.o(i.HAL_UART_AbortReceiveCpltCallback) for HAL_UART_AbortReceiveCpltCallback
    stm32f1xx_hal_uart.o(i.HAL_UART_AbortReceive_IT) refers to stm32f1xx_hal_uart.o(i.UART_DMARxOnlyAbortCallback) for UART_DMARxOnlyAbortCallback
[...]
    Removing stm32f1xx_hal_pwr.o(i.HAL_PWR_DisableSEVOnPend), (20 bytes).
    Removing stm32f1xx_hal_pwr.o(i.HAL_PWR_DisableSleepOnExit), (20 bytes).
    Removing stm32f1xx_hal_pwr.o(i.HAL_PWR_DisableWakeUpPin), (28 bytes).
    Removing stm32f1xx_hal_pwr.o(i.HAL_PWR_EnableBkUpAccess), (12 bytes).
    Removing stm32f1xx_hal_pwr.o(i.HAL_PWR_EnablePVD), (12 bytes).
    Removing stm32f1xx_hal_pwr.o(i.HAL_PWR_EnableSEVOnPend), (20 bytes).
    Removing stm32f1xx_hal_pwr.o(i.HAL_PWR_EnableSleepOnExit), (20 bytes).
    Removing stm32f1xx_hal_pwr.o(i.HAL_PWR_EnableWakeUpPin), (28 bytes).
    Removing stm32f1xx_hal_pwr.o(i.HAL_PWR_EnterSLEEPMode), (32 bytes).
    Removing stm32f1xx_hal_pwr.o(i.HAL_PWR_EnterSTANDBYMode), (40 bytes).
    Removing stm32f1xx_hal_pwr.o(i.HAL_PWR_EnterSTOPMode), (84 bytes).
    Removing stm32f1xx_hal_pwr.o(i.HAL_PWR_PVDCallback), (2 bytes).
    Removing stm32f1xx_hal_pwr.o(i.HAL_PWR_PVD_IRQHandler), (32 bytes).
    Removing stm32f1xx_hal_pwr.o(i.PWR_OverloadWfe), (6 bytes).
    Removing stm32f1xx_hal_flash.o(.rev16_text), (4 bytes).
    Removing stm32f1xx_hal_flash.o(.revsh_text), (4 bytes).
    Removing stm32f1xx_hal_flash.o(.rrx_text), (6 bytes).
    Removing stm32f1xx_hal_flash.o(i.FLASH_Program_HalfWord), (32 bytes).
    Removing stm32f1xx_hal_flash.o(i.FLASH_SetErrorCode), (132 bytes).
    Removing stm32f1xx_hal_flash.o(i.FLASH_WaitForLastOperation), (112 bytes).
    Removing stm32f1xx_hal_flash.o(i.HAL_FLASH_EndOfOperationCallback), (2 bytes).
    Removing stm32f1xx_hal_flash.o(i.HAL_FLASH_GetError), (12 bytes).
    Removing stm32f1xx_hal_flash.o(i.HAL_FLASH_IRQHandler), (376 bytes).
    Removing stm32f1xx_hal_flash.o(i.HAL_FLASH_Lock), (20 bytes).
    Removing stm32f1xx_hal_flash.o(i.HAL_FLASH_OB_Launch), (8 bytes).
    Removing stm32f1xx_hal_flash.o(i.HAL_FLASH_OB_Lock), (20 bytes).
    Removing stm32f1xx_hal_flash.o(i.HAL_FLASH_OB_Unlock), (44 bytes).
    Removing stm32f1xx_hal_flash.o(i.HAL_FLASH_OperationErrorCallback), (2 bytes).
    Removing stm32f1xx_hal_flash.o(i.HAL_FLASH_Program), (176 bytes).
    Removing stm32f1xx_hal_flash.o(i.HAL_FLASH_Program_IT), (100 bytes).
    Removing stm32f1xx_hal_flash.o(i.HAL_FLASH_Unlock), (48 bytes).
    Removing stm32f1xx_hal_flash.o(.bss), (32 bytes).
    Removing stm32f1xx_hal_flash_ex.o(.rev16_text), (4 bytes).
    Removing stm32f1xx_hal_flash_ex.o(.revsh_text), (4 bytes).
    Removing stm32f1xx_hal_flash_ex.o(.rrx_text), (6 bytes).
    Removing stm32f1xx_hal_flash_ex.o(i.FLASH_MassErase), (40 bytes).
    Removing stm32f1xx_hal_flash_ex.o(i.FLASH_OB_DisableWRP), (232 bytes).
    Removing stm32f1xx_hal_flash_ex.o(i.FLASH_OB_EnableWRP), (236 bytes).
    Removing stm32f1xx_hal_flash_ex.o(i.FLASH_OB_GetRDP), (28 bytes).
    Removing stm32f1xx_hal_flash_ex.o(i.FLASH_OB_GetUser), (16 bytes).
    Removing stm32f1xx_hal_flash_ex.o(i.FLASH_OB_GetWRP), (12 bytes).
    Removing stm32f1xx_hal_flash_ex.o(i.FLASH_OB_ProgramData), (76 bytes).
    Removing stm32f1xx_hal_flash_ex.o(i.FLASH_OB_RDP_LevelConfig), (124 bytes).
    Removing stm32f1xx_hal_flash_ex.o(i.FLASH_OB_UserConfig), (84 bytes).
    Removing stm32f1xx_hal_flash_ex.o(i.FLASH_PageErase), (40 bytes).
    Removing stm32f1xx_hal_flash_ex.o(i.HAL_FLASHEx_Erase), (176 bytes).
    Removing stm32f1xx_hal_flash_ex.o(i.HAL_FLASHEx_Erase_IT), (80 bytes).
    Removing stm32f1xx_hal_flash_ex.o(i.HAL_FLASHEx_OBErase), (96 bytes).
    Removing stm32f1xx_hal_flash_ex.o(i.HAL_FLASHEx_OBGetConfig), (28 bytes).
    Removing stm32f1xx_hal_flash_ex.o(i.HAL_FLASHEx_OBGetUserData), (40 bytes).
    Removing stm32f1xx_hal_flash_ex.o(i.HAL_FLASHEx_OBProgram), (200 bytes).
    Removing stm32f1xx_hal_exti.o(.rev16_text), (4 bytes).
    Removing stm32f1xx_hal_exti.o(.revsh_text), (4 bytes).
    Removing stm32f1xx_hal_exti.o(.rrx_text), (6 bytes).
    Removing stm32f1xx_hal_exti.o(i.HAL_EXTI_ClearConfigLine), (120 bytes).
    Removing stm32f1xx_hal_exti.o(i.HAL_EXTI_ClearPending), (28 bytes).
    Removing stm32f1xx_hal_exti.o(i.HAL_EXTI_GenerateSWI), (24 bytes).
    Removing stm32f1xx_hal_exti.o(i.HAL_EXTI_GetConfigLine), (156 bytes).
    Removing stm32f1xx_hal_exti.o(i.HAL_EXTI_GetHandle), (14 bytes).
    Removing stm32f1xx_hal_exti.o(i.HAL_EXTI_GetPending), (36 bytes).
    Removing stm32f1xx_hal_exti.o(i.HAL_EXTI_IRQHandler), (44 bytes).
    Removing stm32f1xx_hal_exti.o(i.HAL_EXTI_RegisterCallback), (20 bytes).
    Removing stm32f1xx_hal_exti.o(i.HAL_EXTI_SetConfigLine), (240 bytes).
    Removing system_stm32f1xx.o(.rev16_text), (4 bytes).
    Removing system_stm32f1xx.o(.revsh_text), (4 bytes).
    Removing system_stm32f1xx.o(.rrx_text), (6 bytes).
    Removing system_stm32f1xx.o(i.SystemCoreClockUpdate), (164 bytes).
    Removing common.o(.rev16_text), (4 bytes).
    Removing common.o(.revsh_text), (4 bytes).
    Removing common.o(.rrx_text), (6 bytes).
    Removing event_groups.o(i.prvTestWaitCondition), (30 bytes).
    Removing event_groups.o(i.vEventGroupClearBitsCallback), (16 bytes).
    Removing event_groups.o(i.vEventGroupDelete), (42 bytes).
    Removing event_groups.o(i.vEventGroupSetBitsCallback), (16 bytes).
    Removing event_groups.o(i.xEventGroupClearBits), (32 bytes).
    Removing event_groups.o(i.xEventGroupCreate), (26 bytes).
    Removing event_groups.o(i.xEventGroupGetBitsFromISR), (44 bytes).
    Removing event_groups.o(i.xEventGroupSetBits), (146 bytes).
    Removing event_groups.o(i.xEventGroupSync), (168 bytes).
    Removing event_groups.o(i.xEventGroupWaitBits), (204 bytes).
    Removing list.o(i.vListInsertEnd), (24 bytes).
    Removing stream_buffer.o(i.prvBytesInBuffer), (24 bytes).
    Removing stream_buffer.o(i.prvInitialiseNewStreamBuffer), (46 bytes).
    Removing stream_buffer.o(i.prvReadBytesFromBuffer), (76 bytes).
    Removing stream_buffer.o(i.prvReadMessageFromBuffer), (90 bytes).
    Removing stream_buffer.o(i.prvWriteBytesToBuffer), (76 bytes).
    Removing stream_buffer.o(i.prvWriteMessageToBuffer), (88 bytes).
    Removing stream_buffer.o(i.uxStreamBufferGetStreamBufferNotificationIndex), (8 bytes).
    Removing stream_buffer.o(i.vStreamBufferDelete), (32 bytes).
    Removing stream_buffer.o(i.vStreamBufferSetStreamBufferNotificationIndex), (6 bytes).
    Removing stream_buffer.o(i.xStreamBufferBytesAvailable), (18 bytes).
    Removing stream_buffer.o(i.xStreamBufferGenericCreate), (92 bytes).
    Removing stream_buffer.o(i.xStreamBufferIsEmpty), (22 bytes).
    Removing stream_buffer.o(i.xStreamBufferIsFull), (40 bytes).
    Removing stream_buffer.o(i.xStreamBufferNextMessageLengthBytes), (52 bytes).
    Removing stream_buffer.o(i.xStreamBufferReceive), (192 bytes).
    Removing stream_buffer.o(i.xStreamBufferReceiveCompletedFromISR), (80 bytes).
    Removing stream_buffer.o(i.xStreamBufferReceiveFromISR), (134 bytes).
    Removing stream_buffer.o(i.xStreamBufferReset), (56 bytes).
    Removing stream_buffer.o(i.xStreamBufferResetFromISR), (80 bytes).
    Removing stream_buffer.o(i.xStreamBufferSend), (226 bytes).
    Removing stream_buffer.o(i.xStreamBufferSendCompletedFromISR), (80 bytes).
    Removing stream_buffer.o(i.xStreamBufferSendFromISR), (136 bytes).
    Removing stream_buffer.o(i.xStreamBufferSetTriggerLevel), (26 bytes).
    Removing stream_buffer.o(i.xStreamBufferSpacesAvailable), (40 bytes).
    Removing tasks.o(i.pcTaskGetName), (24 bytes).
    Removing tasks.o(i.prvTaskIsTaskSuspended), (96 bytes).
    Removing tasks.o(i.ulTaskGenericNotifyTake), (172 bytes).
    Removing tasks.o(i.ulTaskGenericNotifyValueClear), (64 bytes).
    Removing tasks.o(i.uxTaskGetNumberOfTasks), (12 bytes).
    Removing tasks.o(i.uxTaskPriorityGet), (36 bytes).
    Removing tasks.o(i.uxTaskPriorityGetFromISR), (56 bytes).
    Removing tasks.o(i.uxTaskResetEventItemValue), (28 bytes).
    Removing tasks.o(i.vTaskDelete), (236 bytes).
    Removing tasks.o(i.vTaskEndScheduler), (64 bytes).
    Removing tasks.o(i.vTaskGenericNotifyGiveFromISR), (348 bytes).
    Removing tasks.o(i.vTaskInternalSetTimeOutState), (24 bytes).
    Removing tasks.o(i.vTaskMissedYield), (12 bytes).
    Removing tasks.o(i.vTaskPlaceOnEventList), (32 bytes).
    Removing tasks.o(i.vTaskPlaceOnUnorderedEventList), (84 bytes).
    Removing tasks.o(i.vTaskPrioritySet), (304 bytes).
    Removing tasks.o(i.vTaskRemoveFromUnorderedEventList), (224 bytes).
    Removing tasks.o(i.vTaskResetState), (116 bytes).
    Removing tasks.o(i.vTaskResume), (188 bytes).
    Removing tasks.o(i.vTaskSetTimeOutState), (36 bytes).
    Removing tasks.o(i.vTaskSuspend), (220 bytes).
    Removing tasks.o(i.xTaskCatchUpTicks), (40 bytes).
    Removing tasks.o(i.xTaskCheckForTimeOut), (96 bytes).
    Removing tasks.o(i.xTaskDelayUntil), (116 bytes).
    Removing tasks.o(i.xTaskGenericNotify), (348 bytes).
    Removing tasks.o(i.xTaskGenericNotifyFromISR), (516 bytes).
    Removing tasks.o(i.xTaskGenericNotifyStateClear), (64 bytes).
    Removing tasks.o(i.xTaskGenericNotifyWait), (208 bytes).
    Removing tasks.o(i.xTaskGetCurrentTaskHandle), (12 bytes).
    Removing tasks.o(i.xTaskGetCurrentTaskHandleForCore), (32 bytes).
    Removing tasks.o(i.xTaskGetTickCountFromISR), (12 bytes).
    Removing tasks.o(i.xTaskRemoveFromEventList), (280 bytes).
    Removing tasks.o(i.xTaskResumeFromISR), (220 bytes).
    Removing heap_4.o(i.pvPortCalloc), (54 bytes).
    Removing heap_4.o(i.vPortGetHeapStats), (128 bytes).
    Removing heap_4.o(i.vPortHeapResetState), (44 bytes).
    Removing heap_4.o(i.vPortInitialiseBlocks), (2 bytes).
    Removing heap_4.o(i.xPortGetFreeHeapSize), (12 bytes).
    Removing heap_4.o(i.xPortGetMinimumEverFreeHeapSize), (12 bytes).
    Removing port.o(i.vPortEndScheduler), (2 bytes).
    Removing app_freertos.o(.rev16_text), (4 bytes).
    Removing app_freertos.o(.revsh_text), (4 bytes).
    Removing app_freertos.o(.rrx_text), (6 bytes).
    Removing app_dateime.o(.rev16_text), (4 bytes).
    Removing app_dateime.o(.revsh_text), (4 bytes).
    Removing app_dateime.o(.rrx_text), (6 bytes).
    Removing app_show.o(.rev16_text), (4 bytes).
    Removing app_show.o(.revsh_text), (4 bytes).
    Removing app_show.o(.rrx_text), (6 bytes).
    Removing app_switch.o(.rev16_text), (4 bytes).
    Removing app_switch.o(.revsh_text), (4 bytes).
    Removing app_switch.o(.rrx_text), (6 bytes).
    Removing init_key.o(.rev16_text), (4 bytes).
    Removing init_key.o(.revsh_text), (4 bytes).
    Removing init_key.o(.rrx_text), (6 bytes).
    Removing init_touch.o(.rev16_text), (4 bytes).
    Removing init_touch.o(.revsh_text), (4 bytes).
    Removing init_touch.o(.rrx_text), (6 bytes).
    Removing init_mic.o(.rev16_text), (4 bytes).
    Removing init_mic.o(.revsh_text), (4 bytes).
    Removing init_mic.o(.rrx_text), (6 bytes).
    Removing init_ds1302z.o(.rev16_text), (4 bytes).
    Removing init_ds1302z.o(.revsh_text), (4 bytes).
    Removing init_ds1302z.o(.rrx_text), (6 bytes).
    Removing init_dht11.o(.rev16_text), (4 bytes).
    Removing init_dht11.o(.revsh_text), (4 bytes).
    Removing init_dht11.o(.rrx_text), (6 bytes).
    Removing init_nv020d.o(.rev16_text), (4 bytes).
    Removing init_nv020d.o(.revsh_text), (4 bytes).
    Removing init_nv020d.o(.rrx_text), (6 bytes).
    Removing init_nv020d.o(i.NV020D_send_byte), (144 bytes).
    Removing init_nv020d.o(i.nv020d_set_volume), (22 bytes).
    Removing init_nv020d.o(i.nv020d_stop), (10 bytes).
    Removing init_led.o(.rev16_text), (4 bytes).
    Removing init_led.o(.revsh_text), (4 bytes).
    Removing init_led.o(.rrx_text), (6 bytes).
    Removing init_led.o(i.Inf_led_set_clock), (172 bytes).
    Removing dadd.o(.text), (334 bytes).
    Removing dmul.o(.text), (228 bytes).
    Removing ddiv.o(.text), (222 bytes).
    Removing dfixul.o(.text), (48 bytes).
    Removing cdrcmple.o(.text), (48 bytes).
    Removing depilogue.o(.text), (186 bytes).

359 unused section(s) (total 23998 bytes) removed from the image.

==============================================================================

Image Symbol Table

    Local Symbols

    Symbol Name                              Value     Ov Type        Size  Object(Section)

    ../Core/Src/gpio.c                       0x00000000   Number         0  gpio.o ABSOLUTE
    ../Core/Src/main.c                       0x00000000   Number         0  main.o ABSOLUTE
    ../Core/Src/stm32f1xx_hal_msp.c          0x00000000   Number         0  stm32f1xx_hal_msp.o ABSOLUTE
    ../Core/Src/stm32f1xx_it.c               0x00000000   Number         0  stm32f1xx_it.o ABSOLUTE
    ../Core/Src/system_stm32f1xx.c           0x00000000   Number         0  system_stm32f1xx.o ABSOLUTE
    ../Core/Src/usart.c                      0x00000000   Number         0  usart.o ABSOLUTE
    ../Drivers/STM32F1xx_HAL_Driver/Src/stm32f1xx_hal.c 0x00000000   Number         0  stm32f1xx_hal.o ABSOLUTE
    ../Drivers/STM32F1xx_HAL_Driver/Src/stm32f1xx_hal_cortex.c 0x00000000   Number         0  stm32f1xx_hal_cortex.o ABSOLUTE
    ../Drivers/STM32F1xx_HAL_Driver/Src/stm32f1xx_hal_dma.c 0x00000000   Number         0  stm32f1xx_hal_dma.o ABSOLUTE
    ../Drivers/STM32F1xx_HAL_Driver/Src/stm32f1xx_hal_exti.c 0x00000000   Number         0  stm32f1xx_hal_exti.o ABSOLUTE
    ../Drivers/STM32F1xx_HAL_Driver/Src/stm32f1xx_hal_flash.c 0x00000000   Number         0  stm32f1xx_hal_flash.o ABSOLUTE
    ../Drivers/STM32F1xx_HAL_Driver/Src/stm32f1xx_hal_flash_ex.c 0x00000000   Number         0  stm32f1xx_hal_flash_ex.o ABSOLUTE
    ../Drivers/STM32F1xx_HAL_Driver/Src/stm32f1xx_hal_gpio.c 0x00000000   Number         0  stm32f1xx_hal_gpio.o ABSOLUTE
    ../Drivers/STM32F1xx_HAL_Driver/Src/stm32f1xx_hal_gpio_ex.c 0x00000000   Number         0  stm32f1xx_hal_gpio_ex.o ABSOLUTE
    ../Drivers/STM32F1xx_HAL_Driver/Src/stm32f1xx_hal_pwr.c 0x00000000   Number         0  stm32f1xx_hal_pwr.o ABSOLUTE
    ../Drivers/STM32F1xx_HAL_Driver/Src/stm32f1xx_hal_rcc.c 0x00000000   Number         0  stm32f1xx_hal_rcc.o ABSOLUTE
    ../Drivers/STM32F1xx_HAL_Driver/Src/stm32f1xx_hal_rcc_ex.c 0x00000000   Number         0  stm32f1xx_hal_rcc_ex.o ABSOLUTE
    ../Drivers/STM32F1xx_HAL_Driver/Src/stm32f1xx_hal_uart.c 0x00000000   Number         0  stm32f1xx_hal_uart.o ABSOLUTE
    ../clib/../cmprslib/zerorunl2.c          0x00000000   Number         0  __dczerorl2.o ABSOLUTE
    ../clib/microlib/division.c              0x00000000   Number         0  uldiv.o ABSOLUTE
    ../clib/microlib/division.c              0x00000000   Number         0  uidiv.o ABSOLUTE
    ../clib/microlib/init/entry.s            0x00000000   Number         0  entry8a.o ABSOLUTE
    ../clib/microlib/init/entry.s            0x00000000   Number         0  entry9b.o ABSOLUTE
    ../clib/microlib/init/entry.s            0x00000000   Number         0  entry9a.o ABSOLUTE
    ../clib/microlib/init/entry.s            0x00000000   Number         0  entry10b.o ABSOLUTE
    ../clib/microlib/init/entry.s            0x00000000   Number         0  entry8b.o ABSOLUTE
    ../clib/microlib/init/entry.s            0x00000000   Number         0  entry7a.o ABSOLUTE
    ../clib/microlib/init/entry.s            0x00000000   Number         0  entry11b.o ABSOLUTE
    ../clib/microlib/init/entry.s            0x00000000   Number         0  entry12b.o ABSOLUTE
    ../clib/microlib/init/entry.s            0x00000000   Number         0  entry11a.o ABSOLUTE
    ../clib/microlib/init/entry.s            0x00000000   Number         0  entry7b.o ABSOLUTE
    ../clib/microlib/init/entry.s            0x00000000   Number         0  entry12a.o ABSOLUTE
    ../clib/microlib/init/entry.s            0x00000000   Number         0  entry5.o ABSOLUTE
    ../clib/microlib/init/entry.s            0x00000000   Number         0  entry.o ABSOLUTE
    ../clib/microlib/init/entry.s            0x00000000   Number         0  entry2.o ABSOLUTE
    ../clib/microlib/init/entry.s            0x00000000   Number         0  entry10a.o ABSOLUTE
    ../clib/microlib/longlong.c              0x00000000   Number         0  llushr.o ABSOLUTE
    ../clib/microlib/longlong.c              0x00000000   Number         0  llshl.o ABSOLUTE
    ../clib/microlib/longlong.c              0x00000000   Number         0  llsshr.o ABSOLUTE
    ../clib/microlib/printf/printf.c         0x00000000   Number         0  printfa.o ABSOLUTE
    ../clib/microlib/printf/printf.c         0x00000000   Number         0  printf7.o ABSOLUTE
    ../clib/microlib/printf/printf.c         0x00000000   Number         0  printf2.o ABSOLUTE
    ../clib/microlib/printf/printf.c         0x00000000   Number         0  printf4.o ABSOLUTE
    ../clib/microlib/printf/printf.c         0x00000000   Number         0  printf1.o ABSOLUTE
    ../clib/microlib/printf/printf.c         0x00000000   Number         0  printf3.o ABSOLUTE
    ../clib/microlib/printf/printf.c         0x00000000   Number         0  printf0.o ABSOLUTE
    ../clib/microlib/printf/printf.c         0x00000000   Number         0  printf6.o ABSOLUTE
    ../clib/microlib/printf/printf.c         0x00000000   Number         0  printf8.o ABSOLUTE
    ../clib/microlib/printf/printf.c         0x00000000   Number         0  printf5.o ABSOLUTE
    ../clib/microlib/printf/printf.c         0x00000000   Number         0  printfb.o ABSOLUTE
    ../clib/microlib/printf/stubs.s          0x00000000   Number         0  stubs.o ABSOLUTE
    ../clib/microlib/stdio/streams.c         0x00000000   Number         0  stdout.o ABSOLUTE
    ../clib/microlib/string/memcpy.c         0x00000000   Number         0  memcpyb.o ABSOLUTE
    ../clib/microlib/string/memcpy.c         0x00000000   Number         0  memcpya.o ABSOLUTE
    ../clib/microlib/string/memset.c         0x00000000   Number         0  memseta.o ABSOLUTE
    ../clib/microlib/stubs.s                 0x00000000   Number         0  iusefp.o ABSOLUTE
    ../fplib/microlib/fpadd.c                0x00000000   Number         0  dadd.o ABSOLUTE
    ../fplib/microlib/fpdiv.c                0x00000000   Number         0  ddiv.o ABSOLUTE
    ../fplib/microlib/fpepilogue.c           0x00000000   Number         0  depilogue.o ABSOLUTE
    ../fplib/microlib/fpfix.c                0x00000000   Number         0  dfixul.o ABSOLUTE
    ../fplib/microlib/fpmul.c                0x00000000   Number         0  dmul.o ABSOLUTE
    ..\Core\Src\gpio.c                       0x00000000   Number         0  gpio.o ABSOLUTE
    ..\Core\Src\main.c                       0x00000000   Number         0  main.o ABSOLUTE
    ..\Core\Src\stm32f1xx_hal_msp.c          0x00000000   Number         0  stm32f1xx_hal_msp.o ABSOLUTE
    ..\Core\Src\stm32f1xx_it.c               0x00000000   Number         0  stm32f1xx_it.o ABSOLUTE
    ..\Core\Src\system_stm32f1xx.c           0x00000000   Number         0  system_stm32f1xx.o ABSOLUTE
    ..\Core\Src\usart.c                      0x00000000   Number         0  usart.o ABSOLUTE
    ..\Drivers\STM32F1xx_HAL_Driver\Src\stm32f1xx_hal.c 0x00000000   Number         0  stm32f1xx_hal.o ABSOLUTE
    ..\Drivers\STM32F1xx_HAL_Driver\Src\stm32f1xx_hal_cortex.c 0x00000000   Number         0  stm32f1xx_hal_cortex.o ABSOLUTE
    ..\Drivers\STM32F1xx_HAL_Driver\Src\stm32f1xx_hal_dma.c 0x00000000   Number         0  stm32f1xx_hal_dma.o ABSOLUTE
    ..\Drivers\STM32F1xx_HAL_Driver\Src\stm32f1xx_hal_exti.c 0x00000000   Number         0  stm32f1xx_hal_exti.o ABSOLUTE
    ..\Drivers\STM32F1xx_HAL_Driver\Src\stm32f1xx_hal_flash.c 0x00000000   Number         0  stm32f1xx_hal_flash.o ABSOLUTE
    ..\Drivers\STM32F1xx_HAL_Driver\Src\stm32f1xx_hal_flash_ex.c 0x00000000   Number         0  stm32f1xx_hal_flash_ex.o ABSOLUTE
    ..\Drivers\STM32F1xx_HAL_Driver\Src\stm32f1xx_hal_gpio.c 0x00000000   Number         0  stm32f1xx_hal_gpio.o ABSOLUTE
    ..\Drivers\STM32F1xx_HAL_Driver\Src\stm32f1xx_hal_gpio_ex.c 0x00000000   Number         0  stm32f1xx_hal_gpio_ex.o ABSOLUTE
    ..\Drivers\STM32F1xx_HAL_Driver\Src\stm32f1xx_hal_pwr.c 0x00000000   Number         0  stm32f1xx_hal_pwr.o ABSOLUTE
    ..\Drivers\STM32F1xx_HAL_Driver\Src\stm32f1xx_hal_rcc.c 0x00000000   Number         0  stm32f1xx_hal_rcc.o ABSOLUTE
    ..\Drivers\STM32F1xx_HAL_Driver\Src\stm32f1xx_hal_rcc_ex.c 0x00000000   Number         0  stm32f1xx_hal_rcc_ex.o ABSOLUTE
    ..\Drivers\STM32F1xx_HAL_Driver\Src\stm32f1xx_hal_uart.c 0x00000000   Number         0  stm32f1xx_hal_uart.o ABSOLUTE
    application\APP_dateime.c                0x00000000   Number         0  app_dateime.o ABSOLUTE
    application\APP_freertos.c               0x00000000   Number         0  app_freertos.o ABSOLUTE
    application\APP_show.c                   0x00000000   Number         0  app_show.o ABSOLUTE
    application\APP_switch.c                 0x00000000   Number         0  app_switch.o ABSOLUTE
    application\\APP_dateime.c               0x00000000   Number         0  app_dateime.o ABSOLUTE
    application\\APP_freertos.c              0x00000000   Number         0  app_freertos.o ABSOLUTE
    application\\APP_show.c                  0x00000000   Number         0  app_show.o ABSOLUTE
    application\\APP_switch.c                0x00000000   Number         0  app_switch.o ABSOLUTE
    cdrcmple.s                               0x00000000   Number         0  cdrcmple.o ABSOLUTE
    common\\common.c                         0x00000000   Number         0  common.o ABSOLUTE
    common\common.c                          0x00000000   Number         0  common.o ABSOLUTE
    dc.s                                     0x00000000   Number         0  dc.o ABSOLUTE
    freertos\\portable\\port.c               0x00000000   Number         0  port.o ABSOLUTE
    freertos\portable\heap_4.c               0x00000000   Number         0  heap_4.o ABSOLUTE
    freertos\portable\port.c                 0x00000000   Number         0  port.o ABSOLUTE
    freertos\source\croutine.c               0x00000000   Number         0  croutine.o ABSOLUTE
    freertos\source\event_groups.c           0x00000000   Number         0  event_groups.o ABSOLUTE
    freertos\source\list.c                   0x00000000   Number         0  list.o ABSOLUTE
    freertos\source\stream_buffer.c          0x00000000   Number         0  stream_buffer.o ABSOLUTE
    freertos\source\tasks.c                  0x00000000   Number         0  tasks.o ABSOLUTE
    freertos\source\timers.c                 0x00000000   Number         0  timers.o ABSOLUTE
    handlers.s                               0x00000000   Number         0  handlers.o ABSOLUTE
    init.s                                   0x00000000   Number         0  init.o ABSOLUTE
    initerface\\init_dht11.c                 0x00000000   Number         0  init_dht11.o ABSOLUTE
    initerface\\init_ds1302z.c               0x00000000   Number         0  init_ds1302z.o ABSOLUTE
    initerface\\init_key.c                   0x00000000   Number         0  init_key.o ABSOLUTE
    initerface\\init_led.c                   0x00000000   Number         0  init_led.o ABSOLUTE
    initerface\\init_mic.c                   0x00000000   Number         0  init_mic.o ABSOLUTE
    initerface\\init_nv020d.c                0x00000000   Number         0  init_nv020d.o ABSOLUTE
    initerface\\init_touch.c                 0x00000000   Number         0  init_touch.o ABSOLUTE
    initerface\init_dht11.c                  0x00000000   Number         0  init_dht11.o ABSOLUTE
    initerface\init_ds1302z.c                0x00000000   Number         0  init_ds1302z.o ABSOLUTE
    initerface\init_key.c                    0x00000000   Number         0  init_key.o ABSOLUTE
    initerface\init_led.c                    0x00000000   Number         0  init_led.o ABSOLUTE
    initerface\init_mic.c                    0x00000000   Number         0  init_mic.o ABSOLUTE
    initerface\init_nv020d.c                 0x00000000   Number         0  init_nv020d.o ABSOLUTE
    initerface\init_touch.c                  0x00000000   Number         0  init_touch.o ABSOLUTE
    startup_stm32f103xb.s                    0x00000000   Number         0  startup_stm32f103xb.o ABSOLUTE
    RESET                                    0x08000000   Section      236  startup_stm32f103xb.o(RESET)
    .ARM.Collect$$$$00000000                 0x080000ec   Section        0  entry.o(.ARM.Collect$$$$00000000)
    .ARM.Collect$$$$00000001                 0x080000ec   Section        4  entry2.o(.ARM.Collect$$$$00000001)
    .ARM.Collect$$$$00000004                 0x080000f0   Section        4  entry5.o(.ARM.Collect$$$$00000004)
    .ARM.Collect$$$$00000008                 0x080000f4   Section        0  entry7b.o(.ARM.Collect$$$$00000008)
    .ARM.Collect$$$$0000000A                 0x080000f4   Section        0  entry8b.o(.ARM.Collect$$$$0000000A)
    .ARM.Collect$$$$0000000B                 0x080000f4   Section        8  entry9a.o(.ARM.Collect$$$$0000000B)
    .ARM.Collect$$$$0000000E                 0x080000fc   Section        4  entry12b.o(.ARM.Collect$$$$0000000E)
    .ARM.Collect$$$$0000000F                 0x08000100   Section        0  entry10a.o(.ARM.Collect$$$$0000000F)
    .ARM.Collect$$$$00000011                 0x08000100   Section        0  entry11a.o(.ARM.Collect$$$$00000011)
    .ARM.Collect$$$$00002712                 0x08000100   Section        4  entry2.o(.ARM.Collect$$$$00002712)
    __lit__00000000                          0x08000100   Data           4  entry2.o(.ARM.Collect$$$$00002712)
    .emb_text                                0x08000104   Section      150  port.o(.emb_text)
    .text                                    0x0800019c   Section       36  startup_stm32f103xb.o(.text)
    .text                                    0x080001c0   Section        0  memseta.o(.text)
    .text                                    0x080001e4   Section        0  uidiv.o(.text)
    .text                                    0x08000210   Section       36  init.o(.text)
    .text                                    0x08000234   Section        0  __dczerorl2.o(.text)
    i.APP_FREERTOS_Start                     0x0800028c   Section        0  app_freertos.o(i.APP_FREERTOS_Start)
    i.APP_show_alarm_set                     0x08000360   Section        0  app_show.o(i.APP_show_alarm_set)
    i.APP_show_normal                        0x08000464   Section        0  app_show.o(i.APP_show_normal)
    i.APP_show_start                         0x080004e8   Section        0  app_show.o(i.APP_show_start)
    i.APP_show_time_set                      0x080004fc   Section        0  app_show.o(i.APP_show_time_set)
    i.APP_switch_alarm_set_process           0x08000560   Section        0  app_switch.o(i.APP_switch_alarm_set_process)
    i.APP_switch_key_process                 0x08000794   Section        0  app_switch.o(i.APP_switch_key_process)
    i.APP_switch_rotary_process              0x0800088c   Section        0  app_switch.o(i.APP_switch_rotary_process)
    i.APP_switch_time_set_process            0x08000904   Section        0  app_switch.o(i.APP_switch_time_set_process)
    i.BusFault_Handler                       0x08000ac0   Section        0  stm32f1xx_it.o(i.BusFault_Handler)
    i.DHT11_Get_Temp_Humi                    0x08000ac4   Section        0  init_dht11.o(i.DHT11_Get_Temp_Humi)
    i.DHT11_Init                             0x08000c74   Section        0  init_dht11.o(i.DHT11_Init)
    i.DebugMon_Handler                       0x08000c90   Section        0  stm32f1xx_it.o(i.DebugMon_Handler)
    i.Error_Handler                          0x08000c92   Section        0  main.o(i.Error_Handler)
    i.HAL_GPIO_Init                          0x08000c98   Section        0  stm32f1xx_hal_gpio.o(i.HAL_GPIO_Init)
    i.HAL_GPIO_ReadPin                       0x08000fb8   Section        0  stm32f1xx_hal_gpio.o(i.HAL_GPIO_ReadPin)
    i.HAL_GPIO_WritePin                      0x08000fc8   Section        0  stm32f1xx_hal_gpio.o(i.HAL_GPIO_WritePin)
    i.HAL_GetTick                            0x08000fd4   Section        0  stm32f1xx_hal.o(i.HAL_GetTick)
    i.HAL_IncTick                            0x08000fe0   Section        0  stm32f1xx_hal.o(i.HAL_IncTick)
    i.HAL_Init                               0x08000ff8   Section        0  stm32f1xx_hal.o(i.HAL_Init)
    i.HAL_InitTick                           0x08001020   Section        0  stm32f1xx_hal.o(i.HAL_InitTick)
    i.HAL_MspInit                            0x0800106c   Section        0  stm32f1xx_hal_msp.o(i.HAL_MspInit)
    i.HAL_NVIC_SetPriority                   0x080010c0   Section        0  stm32f1xx_hal_cortex.o(i.HAL_NVIC_SetPriority)
    i.HAL_NVIC_SetPriorityGrouping           0x0800113c   Section        0  stm32f1xx_hal_cortex.o(i.HAL_NVIC_SetPriorityGrouping)
    i.HAL_RCC_ClockConfig                    0x08001164   Section        0  stm32f1xx_hal_rcc.o(i.HAL_RCC_ClockConfig)
    i.HAL_RCC_GetHCLKFreq                    0x080012f0   Section        0  stm32f1xx_hal_rcc.o(i.HAL_RCC_GetHCLKFreq)
    i.HAL_RCC_GetPCLK1Freq                   0x080012fc   Section        0  stm32f1xx_hal_rcc.o(i.HAL_RCC_GetPCLK1Freq)
    i.HAL_RCC_GetPCLK2Freq                   0x0800131c   Section        0  stm32f1xx_hal_rcc.o(i.HAL_RCC_GetPCLK2Freq)
    i.HAL_RCC_GetSysClockFreq                0x0800133c   Section        0  stm32f1xx_hal_rcc.o(i.HAL_RCC_GetSysClockFreq)
    i.HAL_RCC_OscConfig                      0x080013ac   Section        0  stm32f1xx_hal_rcc.o(i.HAL_RCC_OscConfig)
    i.HAL_SYSTICK_Config                     0x08001810   Section        0  stm32f1xx_hal_cortex.o(i.HAL_SYSTICK_Config)
    i.HAL_UART_Init                          0x08001844   Section        0  stm32f1xx_hal_uart.o(i.HAL_UART_Init)
    i.HAL_UART_MspInit                       0x080018bc   Section        0  usart.o(i.HAL_UART_MspInit)
    i.HAL_UART_Transmit                      0x08001944   Section        0  stm32f1xx_hal_uart.o(i.HAL_UART_Transmit)
    i.HardFault_Handler                      0x08001a02   Section        0  stm32f1xx_it.o(i.HardFault_Handler)
    i.Inf_led_number                         0x08001a08   Section        0  init_led.o(i.Inf_led_number)
    i.Inf_led_set_all                        0x08001aa8   Section        0  init_led.o(i.Inf_led_set_all)
    i.Inf_led_start                          0x08001ccc   Section        0  init_led.o(i.Inf_led_start)
    i.Inf_led_stop                           0x08001ce0   Section        0  init_led.o(i.Inf_led_stop)
    i.Inf_led_time_set                       0x08001cfc   Section        0  init_led.o(i.Inf_led_time_set)
    i.Inf_led_write                          0x08001dfc   Section        0  init_led.o(i.Inf_led_write)
    i.MX_GPIO_Init                           0x08001ea0   Section        0  gpio.o(i.MX_GPIO_Init)
    i.MX_USART1_UART_Init                    0x08001ffc   Section        0  usart.o(i.MX_USART1_UART_Init)
    i.MemManage_Handler                      0x08002034   Section        0  stm32f1xx_it.o(i.MemManage_Handler)
    i.NMI_Handler                            0x08002038   Section        0  stm32f1xx_it.o(i.NMI_Handler)
    i.NV020D_Init                            0x0800203c   Section        0  init_nv020d.o(i.NV020D_Init)
    i.NV020D_send_cmd                        0x08002048   Section        0  init_nv020d.o(i.NV020D_send_cmd)
    i.RCC_Delay                              0x080020d4   Section        0  stm32f1xx_hal_rcc.o(i.RCC_Delay)
    RCC_Delay                                0x080020d5   Thumb Code    36  stm32f1xx_hal_rcc.o(i.RCC_Delay)
    i.SysTick_Handler                        0x080020fc   Section        0  stm32f1xx_it.o(i.SysTick_Handler)
    i.SystemClock_Config                     0x08002110   Section        0  main.o(i.SystemClock_Config)
    i.SystemInit                             0x08002176   Section        0  system_stm32f1xx.o(i.SystemInit)
    i.UART_EndRxTransfer                     0x08002178   Section        0  stm32f1xx_hal_uart.o(i.UART_EndRxTransfer)
    UART_EndRxTransfer                       0x08002179   Thumb Code   108  stm32f1xx_hal_uart.o(i.UART_EndRxTransfer)
    i.UART_SetConfig                         0x080021e4   Section        0  stm32f1xx_hal_uart.o(i.UART_SetConfig)
    UART_SetConfig                           0x080021e5   Thumb Code   248  stm32f1xx_hal_uart.o(i.UART_SetConfig)
    i.UART_WaitOnFlagUntilTimeout            0x080022e0   Section        0  stm32f1xx_hal_uart.o(i.UART_WaitOnFlagUntilTimeout)
    UART_WaitOnFlagUntilTimeout              0x080022e1   Thumb Code   140  stm32f1xx_hal_uart.o(i.UART_WaitOnFlagUntilTimeout)
    i.UsageFault_Handler                     0x0800236c   Section        0  stm32f1xx_it.o(i.UsageFault_Handler)
    i.__0printf$3                            0x08002370   Section        0  printf3.o(i.__0printf$3)
    i.__NVIC_GetPriorityGrouping             0x08002390   Section        0  stm32f1xx_hal_cortex.o(i.__NVIC_GetPriorityGrouping)
    __NVIC_GetPriorityGrouping               0x08002391   Thumb Code    10  stm32f1xx_hal_cortex.o(i.__NVIC_GetPriorityGrouping)
    i.__NVIC_SetPriority                     0x080023a0   Section        0  stm32f1xx_hal_cortex.o(i.__NVIC_SetPriority)
    __NVIC_SetPriority                       0x080023a1   Thumb Code    32  stm32f1xx_hal_cortex.o(i.__NVIC_SetPriority)
    i.__scatterload_copy                     0x080023c8   Section       14  handlers.o(i.__scatterload_copy)
    i.__scatterload_null                     0x080023d6   Section        2  handlers.o(i.__scatterload_null)
    i.__scatterload_zeroinit                 0x080023d8   Section       14  handlers.o(i.__scatterload_zeroinit)
    i._printf_core                           0x080023e8   Section        0  printf3.o(i._printf_core)
    _printf_core                             0x080023e9   Thumb Code   436  printf3.o(i._printf_core)
    i.app_datetime_get                       0x080025a0   Section        0  app_dateime.o(i.app_datetime_get)
    i.app_datetime_set                       0x0800269c   Section        0  app_dateime.o(i.app_datetime_set)
    i.ds1302z_read                           0x08002850   Section        0  init_ds1302z.o(i.ds1302z_read)
    i.ds1302z_write                          0x0800290c   Section        0  init_ds1302z.o(i.ds1302z_write)
    i.fputc                                  0x080029c4   Section        0  common.o(i.fputc)
    i.get_key_value                          0x080029e0   Section        0  init_key.o(i.get_key_value)
    i.get_led_value                          0x08002a1c   Section        0  init_key.o(i.get_led_value)
    i.get_light_value                        0x08002a38   Section        0  init_key.o(i.get_light_value)
    i.get_mic_value                          0x08002a54   Section        0  init_mic.o(i.get_mic_value)
    i.get_touch_value                        0x08002a70   Section        0  init_touch.o(i.get_touch_value)
    i.init_delay                             0x08002abc   Section        0  init_ds1302z.o(i.init_delay)
    i.init_get_key_value                     0x08002ad0   Section        0  init_key.o(i.init_get_key_value)
    i.main                                   0x08002bb0   Section        0  main.o(i.main)
    i.prvAddCurrentTaskToDelayedList         0x08002bc8   Section        0  tasks.o(i.prvAddCurrentTaskToDelayedList)
    prvAddCurrentTaskToDelayedList           0x08002bc9   Thumb Code   174  tasks.o(i.prvAddCurrentTaskToDelayedList)
    i.prvAddNewTaskToReadyList               0x08002c94   Section        0  tasks.o(i.prvAddNewTaskToReadyList)
    prvAddNewTaskToReadyList                 0x08002c95   Thumb Code   212  tasks.o(i.prvAddNewTaskToReadyList)
    i.prvCheckTasksWaitingTermination        0x08002d84   Section        0  tasks.o(i.prvCheckTasksWaitingTermination)
    prvCheckTasksWaitingTermination          0x08002d85   Thumb Code    60  tasks.o(i.prvCheckTasksWaitingTermination)
    i.prvCreateIdleTasks                     0x08002dcc   Section        0  tasks.o(i.prvCreateIdleTasks)
    prvCreateIdleTasks                       0x08002dcd   Thumb Code    86  tasks.o(i.prvCreateIdleTasks)
    i.prvCreateTask                          0x08002e34   Section        0  tasks.o(i.prvCreateTask)
    prvCreateTask                            0x08002e35   Thumb Code    90  tasks.o(i.prvCreateTask)
    i.prvDeleteTCB                           0x08002e8e   Section        0  tasks.o(i.prvDeleteTCB)
    prvDeleteTCB                             0x08002e8f   Thumb Code    18  tasks.o(i.prvDeleteTCB)
    i.prvHeapInit                            0x08002ea0   Section        0  heap_4.o(i.prvHeapInit)
    prvHeapInit                              0x08002ea1   Thumb Code    88  heap_4.o(i.prvHeapInit)
    i.prvIdleTask                            0x08002f0c   Section        0  tasks.o(i.prvIdleTask)
    prvIdleTask                              0x08002f0d   Thumb Code    32  tasks.o(i.prvIdleTask)
    i.prvInitialiseNewTask                   0x08002f34   Section        0  tasks.o(i.prvInitialiseNewTask)
    prvInitialiseNewTask                     0x08002f35   Thumb Code   122  tasks.o(i.prvInitialiseNewTask)
    i.prvInitialiseTaskLists                 0x08002fb0   Section        0  tasks.o(i.prvInitialiseTaskLists)
    prvInitialiseTaskLists                   0x08002fb1   Thumb Code    70  tasks.o(i.prvInitialiseTaskLists)
    i.prvInsertBlockIntoFreeList             0x08003018   Section        0  heap_4.o(i.prvInsertBlockIntoFreeList)
    prvInsertBlockIntoFreeList               0x08003019   Thumb Code    96  heap_4.o(i.prvInsertBlockIntoFreeList)
    i.prvResetNextTaskUnblockTime            0x08003080   Section        0  tasks.o(i.prvResetNextTaskUnblockTime)
    prvResetNextTaskUnblockTime              0x08003081   Thumb Code    40  tasks.o(i.prvResetNextTaskUnblockTime)
    i.prvTaskExitError                       0x080030b0   Section        0  port.o(i.prvTaskExitError)
    prvTaskExitError                         0x080030b1   Thumb Code    22  port.o(i.prvTaskExitError)
    i.pvPortMalloc                           0x080030c8   Section        0  heap_4.o(i.pvPortMalloc)
    i.pxPortInitialiseStack                  0x080031c8   Section        0  port.o(i.pxPortInitialiseStack)
    i.task_alarm                             0x080031ec   Section        0  app_freertos.o(i.task_alarm)
    i.task_collect                           0x0800335c   Section        0  app_freertos.o(i.task_collect)
    i.task_show                              0x080033a0   Section        0  app_freertos.o(i.task_show)
    i.task_switch                            0x0800342c   Section        0  app_freertos.o(i.task_switch)
    i.task_volume                            0x0800348c   Section        0  app_freertos.o(i.task_volume)
    i.uxListRemove                           0x08003544   Section        0  list.o(i.uxListRemove)
    i.vListInitialise                        0x0800356c   Section        0  list.o(i.vListInitialise)
    i.vListInitialiseItem                    0x08003586   Section        0  list.o(i.vListInitialiseItem)
    i.vListInsert                            0x0800358c   Section        0  list.o(i.vListInsert)
    i.vPortEnterCritical                     0x080035c0   Section        0  port.o(i.vPortEnterCritical)
    i.vPortExitCritical                      0x080035e4   Section        0  port.o(i.vPortExitCritical)
    i.vPortFree                              0x08003604   Section        0  heap_4.o(i.vPortFree)
    i.vPortSetupTimerInterrupt               0x08003650   Section        0  port.o(i.vPortSetupTimerInterrupt)
    i.vTaskDelay                             0x08003668   Section        0  tasks.o(i.vTaskDelay)
    i.vTaskStartScheduler                    0x0800369c   Section        0  tasks.o(i.vTaskStartScheduler)
    i.vTaskSuspendAll                        0x080036e8   Section        0  tasks.o(i.vTaskSuspendAll)
    i.vTaskSwitchContext                     0x080036f8   Section        0  tasks.o(i.vTaskSwitchContext)
    i.xPortStartScheduler                    0x08003760   Section        0  port.o(i.xPortStartScheduler)
    i.xPortSysTickHandler                    0x08003794   Section        0  port.o(i.xPortSysTickHandler)
    i.xTaskCreate                            0x080037c8   Section        0  tasks.o(i.xTaskCreate)
    i.xTaskGetSchedulerState                 0x08003800   Section        0  tasks.o(i.xTaskGetSchedulerState)
    i.xTaskGetTickCount                      0x08003820   Section        0  tasks.o(i.xTaskGetTickCount)
    i.xTaskIncrementTick                     0x0800382c   Section        0  tasks.o(i.xTaskIncrementTick)
    i.xTaskResumeAll                         0x080039cc   Section        0  tasks.o(i.xTaskResumeAll)
    .constdata                               0x08003b48   Section       18  stm32f1xx_hal_rcc.o(.constdata)
    aPLLMULFactorTable                       0x08003b48   Data          16  stm32f1xx_hal_rcc.o(.constdata)
    aPredivFactorTable                       0x08003b58   Data           2  stm32f1xx_hal_rcc.o(.constdata)
    .constdata                               0x08003b5a   Section       24  system_stm32f1xx.o(.constdata)
    .data                                    0x20000000   Section        9  stm32f1xx_hal.o(.data)
    .data                                    0x2000000c   Section        4  system_stm32f1xx.o(.data)
    .data                                    0x20000010   Section       64  tasks.o(.data)
    pxDelayedTaskList                        0x20000014   Data           4  tasks.o(.data)
    pxOverflowDelayedTaskList                0x20000018   Data           4  tasks.o(.data)
    uxDeletedTasksWaitingCleanUp             0x2000001c   Data           4  tasks.o(.data)
    uxCurrentNumberOfTasks                   0x20000020   Data           4  tasks.o(.data)
    xTickCount                               0x20000024   Data           4  tasks.o(.data)
    uxTopReadyPriority                       0x20000028   Data           4  tasks.o(.data)
    xSchedulerRunning                        0x2000002c   Data           4  tasks.o(.data)
    xPendedTicks                             0x20000030   Data           4  tasks.o(.data)
    xYieldPendings                           0x20000034   Data           4  tasks.o(.data)
    xNumOfOverflows                          0x20000038   Data           4  tasks.o(.data)
    uxTaskNumber                             0x2000003c   Data           4  tasks.o(.data)
    xNextTaskUnblockTime                     0x20000040   Data           4  tasks.o(.data)
    xIdleTaskHandles                         0x20000044   Data           4  tasks.o(.data)
    uxTopUsedPriority                        0x20000048   Data           4  tasks.o(.data)
    uxSchedulerSuspended                     0x2000004c   Data           4  tasks.o(.data)
    .data                                    0x20000050   Section       28  heap_4.o(.data)
    xStart                                   0x20000050   Data           8  heap_4.o(.data)
    pxEnd                                    0x20000058   Data           4  heap_4.o(.data)
    xFreeBytesRemaining                      0x2000005c   Data           4  heap_4.o(.data)
    xMinimumEverFreeBytesRemaining           0x20000060   Data           4  heap_4.o(.data)
    xNumberOfSuccessfulAllocations           0x20000064   Data           4  heap_4.o(.data)
    xNumberOfSuccessfulFrees                 0x20000068   Data           4  heap_4.o(.data)
    .data                                    0x2000006c   Section        4  port.o(.data)
    uxCriticalNesting                        0x2000006c   Data           4  port.o(.data)
    .data                                    0x20000070   Section       44  app_freertos.o(.data)
    .data                                    0x2000009c   Section        8  app_show.o(.data)
    .data                                    0x200000a4   Section        8  app_switch.o(.data)
    .data                                    0x200000ac   Section        1  init_touch.o(.data)
    .data                                    0x200000b0   Section      153  init_led.o(.data)
    .data                                    0x2000014c   Section        4  stdout.o(.data)
    .bss                                     0x20000150   Section       72  usart.o(.bss)
    .bss                                     0x20000198   Section      200  tasks.o(.bss)
    pxReadyTasksLists                        0x20000198   Data         100  tasks.o(.bss)
    xDelayedTaskList1                        0x200001fc   Data          20  tasks.o(.bss)
    xDelayedTaskList2                        0x20000210   Data          20  tasks.o(.bss)
    xPendingReadyList                        0x20000224   Data          20  tasks.o(.bss)
    xTasksWaitingTermination                 0x20000238   Data          20  tasks.o(.bss)
    xSuspendedTaskList                       0x2000024c   Data          20  tasks.o(.bss)
    .bss                                     0x20000260   Section    17408  heap_4.o(.bss)
    ucHeap                                   0x20000260   Data       17408  heap_4.o(.bss)
    .bss                                     0x20004660   Section       10  app_freertos.o(.bss)
    STACK                                    0x20004670   Section     1024  startup_stm32f103xb.o(STACK)

    Global Symbols

    Symbol Name                              Value     Ov Type        Size  Object(Section)

    BuildAttributes$$THM_ISAv4$P$D$K$B$S$PE$A:L22UL41UL21$X:L11$S22US41US21$IEEE1$IW$USESV6$~STKCKD$USESV7$~SHL$OSPACE$ROPI$EBA8$MICROLIB$REQ8$PRES8$EABIv2 0x00000000   Number         0  anon$$obj.o ABSOLUTE
    __ARM_use_no_argv                        0x00000000   Number         0  main.o ABSOLUTE
    _printf_a                                0x00000000   Number         0  stubs.o ABSOLUTE
    _printf_c                                0x00000000   Number         0  stubs.o ABSOLUTE
    _printf_charcount                        0x00000000   Number         0  stubs.o ABSOLUTE
    _printf_d                                0x00000000   Number         0  stubs.o ABSOLUTE
    _printf_e                                0x00000000   Number         0  stubs.o ABSOLUTE
    _printf_f                                0x00000000   Number         0  stubs.o ABSOLUTE
    _printf_flags                            0x00000000   Number         0  stubs.o ABSOLUTE
    _printf_fp_dec                           0x00000000   Number         0  stubs.o ABSOLUTE
    _printf_fp_hex                           0x00000000   Number         0  stubs.o ABSOLUTE
    _printf_g                                0x00000000   Number         0  stubs.o ABSOLUTE
    _printf_i                                0x00000000   Number         0  stubs.o ABSOLUTE
    _printf_int_dec                          0x00000000   Number         0  stubs.o ABSOLUTE
    _printf_l                                0x00000000   Number         0  stubs.o ABSOLUTE
    _printf_lc                               0x00000000   Number         0  stubs.o ABSOLUTE
    _printf_ll                               0x00000000   Number         0  stubs.o ABSOLUTE
    _printf_lld                              0x00000000   Number         0  stubs.o ABSOLUTE
    _printf_lli                              0x00000000   Number         0  stubs.o ABSOLUTE
    _printf_llo                              0x00000000   Number         0  stubs.o ABSOLUTE
    _printf_llu                              0x00000000   Number         0  stubs.o ABSOLUTE
    _printf_llx                              0x00000000   Number         0  stubs.o ABSOLUTE
    _printf_longlong_dec                     0x00000000   Number         0  stubs.o ABSOLUTE
    _printf_longlong_hex                     0x00000000   Number         0  stubs.o ABSOLUTE
    _printf_longlong_oct                     0x00000000   Number         0  stubs.o ABSOLUTE
    _printf_ls                               0x00000000   Number         0  stubs.o ABSOLUTE
    _printf_mbtowc                           0x00000000   Number         0  stubs.o ABSOLUTE
    _printf_n                                0x00000000   Number         0  stubs.o ABSOLUTE
    _printf_o                                0x00000000   Number         0  stubs.o ABSOLUTE
    _printf_p                                0x00000000   Number         0  stubs.o ABSOLUTE
    _printf_percent                          0x00000000   Number         0  stubs.o ABSOLUTE
    _printf_pre_padding                      0x00000000   Number         0  stubs.o ABSOLUTE
    _printf_return_value                     0x00000000   Number         0  stubs.o ABSOLUTE
    _printf_s                                0x00000000   Number         0  stubs.o ABSOLUTE
    _printf_sizespec                         0x00000000   Number         0  stubs.o ABSOLUTE
    _printf_str                              0x00000000   Number         0  stubs.o ABSOLUTE
    _printf_truncate_signed                  0x00000000   Number         0  stubs.o ABSOLUTE
    _printf_truncate_unsigned                0x00000000   Number         0  stubs.o ABSOLUTE
    _printf_u                                0x00000000   Number         0  stubs.o ABSOLUTE
    _printf_wc                               0x00000000   Number         0  stubs.o ABSOLUTE
    _printf_wctomb                           0x00000000   Number         0  stubs.o ABSOLUTE
    _printf_widthprec                        0x00000000   Number         0  stubs.o ABSOLUTE
    _printf_x                                0x00000000   Number         0  stubs.o ABSOLUTE
    __arm_fini_                               - Undefined Weak Reference
    __cpp_initialize__aeabi_                  - Undefined Weak Reference
    __cxa_finalize                            - Undefined Weak Reference
    _clock_init                               - Undefined Weak Reference
    _microlib_exit                            - Undefined Weak Reference
    __Vectors_Size                           0x000000ec   Number         0  startup_stm32f103xb.o ABSOLUTE
    __Vectors                                0x08000000   Data           4  startup_stm32f103xb.o(RESET)
    __Vectors_End                            0x080000ec   Data           0  startup_stm32f103xb.o(RESET)
    __main                                   0x080000ed   Thumb Code     0  entry.o(.ARM.Collect$$$$00000000)
    _main_stk                                0x080000ed   Thumb Code     0  entry2.o(.ARM.Collect$$$$00000001)
    _main_scatterload                        0x080000f1   Thumb Code     0  entry5.o(.ARM.Collect$$$$00000004)
    __main_after_scatterload                 0x080000f5   Thumb Code     0  entry5.o(.ARM.Collect$$$$00000004)
    _main_clock                              0x080000f5   Thumb Code     0  entry7b.o(.ARM.Collect$$$$00000008)
    _main_cpp_init                           0x080000f5   Thumb Code     0  entry8b.o(.ARM.Collect$$$$0000000A)
    _main_init                               0x080000f5   Thumb Code     0  entry9a.o(.ARM.Collect$$$$0000000B)
    __rt_lib_shutdown_fini                   0x080000fd   Thumb Code     0  entry12b.o(.ARM.Collect$$$$0000000E)
    __rt_final_cpp                           0x08000101   Thumb Code     0  entry10a.o(.ARM.Collect$$$$0000000F)
    __rt_final_exit                          0x08000101   Thumb Code     0  entry11a.o(.ARM.Collect$$$$00000011)
    SVC_Handler                              0x08000105   Thumb Code    32  port.o(.emb_text)
    __asm___6_port_c_39a90d8d__prvStartFirstTask 0x08000129   Thumb Code    28  port.o(.emb_text)
    PendSV_Handler                           0x08000149   Thumb Code    72  port.o(.emb_text)
    vPortGetIPSR                             0x08000195   Thumb Code     6  port.o(.emb_text)
    Reset_Handler                            0x0800019d   Thumb Code     8  startup_stm32f103xb.o(.text)
    ADC1_2_IRQHandler                        0x080001b7   Thumb Code     0  startup_stm32f103xb.o(.text)
    CAN1_RX1_IRQHandler                      0x080001b7   Thumb Code     0  startup_stm32f103xb.o(.text)
    CAN1_SCE_IRQHandler                      0x080001b7   Thumb Code     0  startup_stm32f103xb.o(.text)
    DMA1_Channel1_IRQHandler                 0x080001b7   Thumb Code     0  startup_stm32f103xb.o(.text)
    DMA1_Channel2_IRQHandler                 0x080001b7   Thumb Code     0  startup_stm32f103xb.o(.text)
    DMA1_Channel3_IRQHandler                 0x080001b7   Thumb Code     0  startup_stm32f103xb.o(.text)
    DMA1_Channel4_IRQHandler                 0x080001b7   Thumb Code     0  startup_stm32f103xb.o(.text)
    DMA1_Channel5_IRQHandler                 0x080001b7   Thumb Code     0  startup_stm32f103xb.o(.text)
    DMA1_Channel6_IRQHandler                 0x080001b7   Thumb Code     0  startup_stm32f103xb.o(.text)
    DMA1_Channel7_IRQHandler                 0x080001b7   Thumb Code     0  startup_stm32f103xb.o(.text)
    EXTI0_IRQHandler                         0x080001b7   Thumb Code     0  startup_stm32f103xb.o(.text)
    EXTI15_10_IRQHandler                     0x080001b7   Thumb Code     0  startup_stm32f103xb.o(.text)
    EXTI1_IRQHandler                         0x080001b7   Thumb Code     0  startup_stm32f103xb.o(.text)
    EXTI2_IRQHandler                         0x080001b7   Thumb Code     0  startup_stm32f103xb.o(.text)
    EXTI3_IRQHandler                         0x080001b7   Thumb Code     0  startup_stm32f103xb.o(.text)
    EXTI4_IRQHandler                         0x080001b7   Thumb Code     0  startup_stm32f103xb.o(.text)
    EXTI9_5_IRQHandler                       0x080001b7   Thumb Code     0  startup_stm32f103xb.o(.text)
    FLASH_IRQHandler                         0x080001b7   Thumb Code     0  startup_stm32f103xb.o(.text)
    I2C1_ER_IRQHandler                       0x080001b7   Thumb Code     0  startup_stm32f103xb.o(.text)
    I2C1_EV_IRQHandler                       0x080001b7   Thumb Code     0  startup_stm32f103xb.o(.text)
    I2C2_ER_IRQHandler                       0x080001b7   Thumb Code     0  startup_stm32f103xb.o(.text)
    I2C2_EV_IRQHandler                       0x080001b7   Thumb Code     0  startup_stm32f103xb.o(.text)
    PVD_IRQHandler                           0x080001b7   Thumb Code     0  startup_stm32f103xb.o(.text)
    RCC_IRQHandler                           0x080001b7   Thumb Code     0  startup_stm32f103xb.o(.text)
    RTC_Alarm_IRQHandler                     0x080001b7   Thumb Code     0  startup_stm32f103xb.o(.text)
    RTC_IRQHandler                           0x080001b7   Thumb Code     0  startup_stm32f103xb.o(.text)
    SPI1_IRQHandler                          0x080001b7   Thumb Code     0  startup_stm32f103xb.o(.text)
    SPI2_IRQHandler                          0x080001b7   Thumb Code     0  startup_stm32f103xb.o(.text)
    TAMPER_IRQHandler                        0x080001b7   Thumb Code     0  startup_stm32f103xb.o(.text)
    TIM1_BRK_IRQHandler                      0x080001b7   Thumb Code     0  startup_stm32f103xb.o(.text)
    TIM1_CC_IRQHandler                       0x080001b7   Thumb Code     0  startup_stm32f103xb.o(.text)
    TIM1_TRG_COM_IRQHandler                  0x080001b7   Thumb Code     0  startup_stm32f103xb.o(.text)
    TIM1_UP_IRQHandler                       0x080001b7   Thumb Code     0  startup_stm32f103xb.o(.text)
    TIM2_IRQHandler                          0x080001b7   Thumb Code     0  startup_stm32f103xb.o(.text)
    TIM3_IRQHandler                          0x080001b7   Thumb Code     0  startup_stm32f103xb.o(.text)
    TIM4_IRQHandler                          0x080001b7   Thumb Code     0  startup_stm32f103xb.o(.text)
    USART1_IRQHandler                        0x080001b7   Thumb Code     0  startup_stm32f103xb.o(.text)
    USART2_IRQHandler                        0x080001b7   Thumb Code     0  startup_stm32f103xb.o(.text)
    USART3_IRQHandler                        0x080001b7   Thumb Code     0  startup_stm32f103xb.o(.text)
    USBWakeUp_IRQHandler                     0x080001b7   Thumb Code     0  startup_stm32f103xb.o(.text)
    USB_HP_CAN1_TX_IRQHandler                0x080001b7   Thumb Code     0  startup_stm32f103xb.o(.text)
    USB_LP_CAN1_RX0_IRQHandler               0x080001b7   Thumb Code     0  startup_stm32f103xb.o(.text)
    WWDG_IRQHandler                          0x080001b7   Thumb Code     0  startup_stm32f103xb.o(.text)
    __aeabi_memset                           0x080001c1   Thumb Code    14  memseta.o(.text)
    __aeabi_memset4                          0x080001c1   Thumb Code     0  memseta.o(.text)
    __aeabi_memset8                          0x080001c1   Thumb Code     0  memseta.o(.text)
    __aeabi_memclr                           0x080001cf   Thumb Code     4  memseta.o(.text)
    __aeabi_memclr4                          0x080001cf   Thumb Code     0  memseta.o(.text)
    __aeabi_memclr8                          0x080001cf   Thumb Code     0  memseta.o(.text)
    _memset$wrapper                          0x080001d3   Thumb Code    18  memseta.o(.text)
    __aeabi_uidiv                            0x080001e5   Thumb Code     0  uidiv.o(.text)
    __aeabi_uidivmod                         0x080001e5   Thumb Code    44  uidiv.o(.text)
    __scatterload                            0x08000211   Thumb Code    28  init.o(.text)
    __scatterload_rt2                        0x08000211   Thumb Code     0  init.o(.text)
    __decompress                             0x08000235   Thumb Code     0  __dczerorl2.o(.text)
    __decompress1                            0x08000235   Thumb Code    86  __dczerorl2.o(.text)
    APP_FREERTOS_Start                       0x0800028d   Thumb Code   108  app_freertos.o(i.APP_FREERTOS_Start)
    APP_show_alarm_set                       0x08000361   Thumb Code   238  app_show.o(i.APP_show_alarm_set)
    APP_show_normal                          0x08000465   Thumb Code   122  app_show.o(i.APP_show_normal)
    APP_show_start                           0x080004e9   Thumb Code    16  app_show.o(i.APP_show_start)
    APP_show_time_set                        0x080004fd   Thumb Code    96  app_show.o(i.APP_show_time_set)
    APP_switch_alarm_set_process             0x08000561   Thumb Code   538  app_switch.o(i.APP_switch_alarm_set_process)
    APP_switch_key_process                   0x08000795   Thumb Code   236  app_switch.o(i.APP_switch_key_process)
    APP_switch_rotary_process                0x0800088d   Thumb Code   106  app_switch.o(i.APP_switch_rotary_process)
    APP_switch_time_set_process              0x08000905   Thumb Code   428  app_switch.o(i.APP_switch_time_set_process)
    BusFault_Handler                         0x08000ac1   Thumb Code     4  stm32f1xx_it.o(i.BusFault_Handler)
    DHT11_Get_Temp_Humi                      0x08000ac5   Thumb Code   340  init_dht11.o(i.DHT11_Get_Temp_Humi)
    DHT11_Init                               0x08000c75   Thumb Code    22  init_dht11.o(i.DHT11_Init)
    DebugMon_Handler                         0x08000c91   Thumb Code     2  stm32f1xx_it.o(i.DebugMon_Handler)
    Error_Handler                            0x08000c93   Thumb Code     6  main.o(i.Error_Handler)
    HAL_GPIO_Init                            0x08000c99   Thumb Code   766  stm32f1xx_hal_gpio.o(i.HAL_GPIO_Init)
    HAL_GPIO_ReadPin                         0x08000fb9   Thumb Code    16  stm32f1xx_hal_gpio.o(i.HAL_GPIO_ReadPin)
    HAL_GPIO_WritePin                        0x08000fc9   Thumb Code    12  stm32f1xx_hal_gpio.o(i.HAL_GPIO_WritePin)
    HAL_GetTick                              0x08000fd5   Thumb Code     6  stm32f1xx_hal.o(i.HAL_GetTick)
    HAL_IncTick                              0x08000fe1   Thumb Code    16  stm32f1xx_hal.o(i.HAL_IncTick)
    HAL_Init                                 0x08000ff9   Thumb Code    34  stm32f1xx_hal.o(i.HAL_Init)
    HAL_InitTick                             0x08001021   Thumb Code    64  stm32f1xx_hal.o(i.HAL_InitTick)
    HAL_MspInit                              0x0800106d   Thumb Code    76  stm32f1xx_hal_msp.o(i.HAL_MspInit)
    HAL_NVIC_SetPriority                     0x080010c1   Thumb Code   124  stm32f1xx_hal_cortex.o(i.HAL_NVIC_SetPriority)
    HAL_NVIC_SetPriorityGrouping             0x0800113d   Thumb Code    32  stm32f1xx_hal_cortex.o(i.HAL_NVIC_SetPriorityGrouping)
    HAL_RCC_ClockConfig                      0x08001165   Thumb Code   376  stm32f1xx_hal_rcc.o(i.HAL_RCC_ClockConfig)
    HAL_RCC_GetHCLKFreq                      0x080012f1   Thumb Code     6  stm32f1xx_hal_rcc.o(i.HAL_RCC_GetHCLKFreq)
    HAL_RCC_GetPCLK1Freq                     0x080012fd   Thumb Code    22  stm32f1xx_hal_rcc.o(i.HAL_RCC_GetPCLK1Freq)
    HAL_RCC_GetPCLK2Freq                     0x0800131d   Thumb Code    22  stm32f1xx_hal_rcc.o(i.HAL_RCC_GetPCLK2Freq)
    HAL_RCC_GetSysClockFreq                  0x0800133d   Thumb Code    92  stm32f1xx_hal_rcc.o(i.HAL_RCC_GetSysClockFreq)
    HAL_RCC_OscConfig                        0x080013ad   Thumb Code  1114  stm32f1xx_hal_rcc.o(i.HAL_RCC_OscConfig)
    HAL_SYSTICK_Config                       0x08001811   Thumb Code    52  stm32f1xx_hal_cortex.o(i.HAL_SYSTICK_Config)
    HAL_UART_Init                            0x08001845   Thumb Code   118  stm32f1xx_hal_uart.o(i.HAL_UART_Init)
    HAL_UART_MspInit                         0x080018bd   Thumb Code   122  usart.o(i.HAL_UART_MspInit)
    HAL_UART_Transmit                        0x08001945   Thumb Code   190  stm32f1xx_hal_uart.o(i.HAL_UART_Transmit)
    HardFault_Handler                        0x08001a03   Thumb Code     4  stm32f1xx_it.o(i.HardFault_Handler)
    Inf_led_number                           0x08001a09   Thumb Code   144  init_led.o(i.Inf_led_number)
    Inf_led_set_all                          0x08001aa9   Thumb Code   502  init_led.o(i.Inf_led_set_all)
    Inf_led_start                            0x08001ccd   Thumb Code    16  init_led.o(i.Inf_led_start)
    Inf_led_stop                             0x08001ce1   Thumb Code    24  init_led.o(i.Inf_led_stop)
    Inf_led_time_set                         0x08001cfd   Thumb Code   248  init_led.o(i.Inf_led_time_set)
    Inf_led_write                            0x08001dfd   Thumb Code   156  init_led.o(i.Inf_led_write)
    MX_GPIO_Init                             0x08001ea1   Thumb Code   334  gpio.o(i.MX_GPIO_Init)
    MX_USART1_UART_Init                      0x08001ffd   Thumb Code    46  usart.o(i.MX_USART1_UART_Init)
    MemManage_Handler                        0x08002035   Thumb Code     4  stm32f1xx_it.o(i.MemManage_Handler)
    NMI_Handler                              0x08002039   Thumb Code     4  stm32f1xx_it.o(i.NMI_Handler)
    NV020D_Init                              0x0800203d   Thumb Code    12  init_nv020d.o(i.NV020D_Init)
    NV020D_send_cmd                          0x08002049   Thumb Code   134  init_nv020d.o(i.NV020D_send_cmd)
    SysTick_Handler                          0x080020fd   Thumb Code    20  stm32f1xx_it.o(i.SysTick_Handler)
    SystemClock_Config                       0x08002111   Thumb Code   102  main.o(i.SystemClock_Config)
    SystemInit                               0x08002177   Thumb Code     2  system_stm32f1xx.o(i.SystemInit)
    UsageFault_Handler                       0x0800236d   Thumb Code     4  stm32f1xx_it.o(i.UsageFault_Handler)
    __0printf$3                              0x08002371   Thumb Code    22  printf3.o(i.__0printf$3)
    __1printf$3                              0x08002371   Thumb Code     0  printf3.o(i.__0printf$3)
    __2printf                                0x08002371   Thumb Code     0  printf3.o(i.__0printf$3)
    __scatterload_copy                       0x080023c9   Thumb Code    14  handlers.o(i.__scatterload_copy)
    __scatterload_null                       0x080023d7   Thumb Code     2  handlers.o(i.__scatterload_null)
    __scatterload_zeroinit                   0x080023d9   Thumb Code    14  handlers.o(i.__scatterload_zeroinit)
    app_datetime_get                         0x080025a1   Thumb Code   252  app_dateime.o(i.app_datetime_get)
    app_datetime_set                         0x0800269d   Thumb Code   436  app_dateime.o(i.app_datetime_set)
    ds1302z_read                             0x08002851   Thumb Code   184  init_ds1302z.o(i.ds1302z_read)
    ds1302z_write                            0x0800290d   Thumb Code   180  init_ds1302z.o(i.ds1302z_write)
    fputc                                    0x080029c5   Thumb Code    22  common.o(i.fputc)
    get_key_value                            0x080029e1   Thumb Code    60  init_key.o(i.get_key_value)
    get_led_value                            0x08002a1d   Thumb Code    22  init_key.o(i.get_led_value)
    get_light_value                          0x08002a39   Thumb Code    22  init_key.o(i.get_light_value)
    get_mic_value                            0x08002a55   Thumb Code    22  init_mic.o(i.get_mic_value)
    get_touch_value                          0x08002a71   Thumb Code    66  init_touch.o(i.get_touch_value)
    init_delay                               0x08002abd   Thumb Code    18  init_ds1302z.o(i.init_delay)
    init_get_key_value                       0x08002ad1   Thumb Code   216  init_key.o(i.init_get_key_value)
    main                                     0x08002bb1   Thumb Code    24  main.o(i.main)
    pvPortMalloc                             0x080030c9   Thumb Code   234  heap_4.o(i.pvPortMalloc)
    pxPortInitialiseStack                    0x080031c9   Thumb Code    30  port.o(i.pxPortInitialiseStack)
    task_alarm                               0x080031ed   Thumb Code   338  app_freertos.o(i.task_alarm)
    task_collect                             0x0800335d   Thumb Code    50  app_freertos.o(i.task_collect)
    task_show                                0x080033a1   Thumb Code   116  app_freertos.o(i.task_show)
    task_switch                              0x0800342d   Thumb Code    86  app_freertos.o(i.task_switch)
    task_volume                              0x0800348d   Thumb Code   174  app_freertos.o(i.task_volume)
    uxListRemove                             0x08003545   Thumb Code    40  list.o(i.uxListRemove)
    vListInitialise                          0x0800356d   Thumb Code    26  list.o(i.vListInitialise)
    vListInitialiseItem                      0x08003587   Thumb Code     6  list.o(i.vListInitialiseItem)
    vListInsert                              0x0800358d   Thumb Code    52  list.o(i.vListInsert)
    vPortEnterCritical                       0x080035c1   Thumb Code    30  port.o(i.vPortEnterCritical)
    vPortExitCritical                        0x080035e5   Thumb Code    28  port.o(i.vPortExitCritical)
    vPortFree                                0x08003605   Thumb Code    68  heap_4.o(i.vPortFree)
    vPortSetupTimerInterrupt                 0x08003651   Thumb Code    20  port.o(i.vPortSetupTimerInterrupt)
    vTaskDelay                               0x08003669   Thumb Code    46  tasks.o(i.vTaskDelay)
    vTaskStartScheduler                      0x0800369d   Thumb Code    60  tasks.o(i.vTaskStartScheduler)
    vTaskSuspendAll                          0x080036e9   Thumb Code    12  tasks.o(i.vTaskSuspendAll)
    vTaskSwitchContext                       0x080036f9   Thumb Code    84  tasks.o(i.vTaskSwitchContext)
    xPortStartScheduler                      0x08003761   Thumb Code    42  port.o(i.xPortStartScheduler)
    xPortSysTickHandler                      0x08003795   Thumb Code    46  port.o(i.xPortSysTickHandler)
    xTaskCreate                              0x080037c9   Thumb Code    56  tasks.o(i.xTaskCreate)
    xTaskGetSchedulerState                   0x08003801   Thumb Code    24  tasks.o(i.xTaskGetSchedulerState)
    xTaskGetTickCount                        0x08003821   Thumb Code     6  tasks.o(i.xTaskGetTickCount)
    xTaskIncrementTick                       0x0800382d   Thumb Code   372  tasks.o(i.xTaskIncrementTick)
    xTaskResumeAll                           0x080039cd   Thumb Code   344  tasks.o(i.xTaskResumeAll)
    AHBPrescTable                            0x08003b5a   Data          16  system_stm32f1xx.o(.constdata)
    APBPrescTable                            0x08003b6a   Data           8  system_stm32f1xx.o(.constdata)
    Region$$Table$$Base                      0x08003b74   Number         0  anon$$obj.o(Region$$Table)
    Region$$Table$$Limit                     0x08003b94   Number         0  anon$$obj.o(Region$$Table)
    uwTick                                   0x20000000   Data           4  stm32f1xx_hal.o(.data)
    uwTickPrio                               0x20000004   Data           4  stm32f1xx_hal.o(.data)
    uwTickFreq                               0x20000008   Data           1  stm32f1xx_hal.o(.data)
    SystemCoreClock                          0x2000000c   Data           4  system_stm32f1xx.o(.data)
    pxCurrentTCB                             0x20000010   Data           4  tasks.o(.data)
    task_collect_Handle                      0x20000070   Data           4  app_freertos.o(.data)
    task_show_Handle                         0x20000074   Data           4  app_freertos.o(.data)
    task_switch_Handle                       0x20000078   Data           4  app_freertos.o(.data)
    task_alarm_Handle                        0x2000007c   Data           4  app_freertos.o(.data)
    task_volume_Handle                       0x20000080   Data           4  app_freertos.o(.data)
    alarm_time1                              0x20000084   Data           4  app_freertos.o(.data)
    alarm_time2                              0x20000088   Data           4  app_freertos.o(.data)
    touch_count                              0x2000008c   Data           1  app_freertos.o(.data)
    alarm_touch_count                        0x2000008d   Data           1  app_freertos.o(.data)
    temperature                              0x2000008e   Data           1  app_freertos.o(.data)
    humidity                                 0x2000008f   Data           1  app_freertos.o(.data)
    nv020d_volume                            0x20000090   Data           1  app_freertos.o(.data)
    show_mode                                0x20000091   Data           1  app_freertos.o(.data)
    time_set                                 0x20000092   Data           1  app_freertos.o(.data)
    alarm_set                                0x20000093   Data           1  app_freertos.o(.data)
    show_type                                0x20000094   Data           7  app_freertos.o(.data)
    led_en                                   0x2000009b   Data           1  app_freertos.o(.data)
    clock_flag                               0x2000009c   Data           1  app_show.o(.data)
    clock_last_time                          0x200000a0   Data           4  app_show.o(.data)
    switch_alarm_en                          0x200000a4   Data           1  app_switch.o(.data)
    sound_control_flag                       0x200000a5   Data           1  app_switch.o(.data)
    sound_control_last_time                  0x200000a8   Data           4  app_switch.o(.data)
    touch_value                              0x200000ac   Data           1  init_touch.o(.data)
    led_clk_h_s                              0x200000b0   Data           6  init_led.o(.data)
    led_clk_h_g                              0x200000b6   Data          20  init_led.o(.data)
    led_clk_m_s                              0x200000ca   Data          20  init_led.o(.data)
    led_clk_m_g                              0x200000de   Data          20  init_led.o(.data)
    led_temp_s                               0x200000f2   Data          20  init_led.o(.data)
    led_temp_g                               0x20000106   Data          20  init_led.o(.data)
    led_hu_s                                 0x2000011a   Data          20  init_led.o(.data)
    led_hu_g                                 0x2000012e   Data          20  init_led.o(.data)
    time_set_last_time                       0x20000144   Data           4  init_led.o(.data)
    led_flag                                 0x20000148   Data           1  init_led.o(.data)
    __stdout                                 0x2000014c   Data           4  stdout.o(.data)
    huart1                                   0x20000150   Data          72  usart.o(.bss)
    datetime                                 0x20004660   Data          10  app_freertos.o(.bss)
    __initial_sp                             0x20004a70   Data           0  startup_stm32f103xb.o(STACK)



==============================================================================

Memory Map of the image

  Image Entry point : 0x080000ed

  Load Region LR_IROM1 (Base: 0x08000000, Size: 0x00003ce4, Max: 0x00010000, ABSOLUTE, COMPRESSED[0x00003bdc])

    Execution Region ER_IROM1 (Exec base: 0x08000000, Load base: 0x08000000, Size: 0x00003b94, Max: 0x00010000, ABSOLUTE)

    Exec Addr    Load Addr    Size         Type   Attr      Idx    E Section Name        Object

    0x08000000   0x08000000   0x000000ec   Data   RO            3    RESET               startup_stm32f103xb.o
    0x080000ec   0x080000ec   0x00000000   Code   RO         3102  * .ARM.Collect$$$$00000000  mc_w.l(entry.o)
    0x080000ec   0x080000ec   0x00000004   Code   RO         3374    .ARM.Collect$$$$00000001  mc_w.l(entry2.o)
    0x080000f0   0x080000f0   0x00000004   Code   RO         3377    .ARM.Collect$$$$00000004  mc_w.l(entry5.o)
    0x080000f4   0x080000f4   0x00000000   Code   RO         3379    .ARM.Collect$$$$00000008  mc_w.l(entry7b.o)
    0x080000f4   0x080000f4   0x00000000   Code   RO         3381    .ARM.Collect$$$$0000000A  mc_w.l(entry8b.o)
    0x080000f4   0x080000f4   0x00000008   Code   RO         3382    .ARM.Collect$$$$0000000B  mc_w.l(entry9a.o)
    0x080000fc   0x080000fc   0x00000004   Code   RO         3389    .ARM.Collect$$$$0000000E  mc_w.l(entry12b.o)
    0x08000100   0x08000100   0x00000000   Code   RO         3384    .ARM.Collect$$$$0000000F  mc_w.l(entry10a.o)
    0x08000100   0x08000100   0x00000000   Code   RO         3386    .ARM.Collect$$$$00000011  mc_w.l(entry11a.o)
    0x08000100   0x08000100   0x00000004   Code   RO         3375    .ARM.Collect$$$$00002712  mc_w.l(entry2.o)
    0x08000104   0x08000104   0x00000096   Code   RO         2544    .emb_text           port.o
    0x0800019a   0x0800019a   0x00000002   PAD
    0x0800019c   0x0800019c   0x00000024   Code   RO            4    .text               startup_stm32f103xb.o
    0x080001c0   0x080001c0   0x00000024   Code   RO         3109    .text               mc_w.l(memseta.o)
    0x080001e4   0x080001e4   0x0000002c   Code   RO         3391    .text               mc_w.l(uidiv.o)
    0x08000210   0x08000210   0x00000024   Code   RO         3406    .text               mc_w.l(init.o)
    0x08000234   0x08000234   0x00000056   Code   RO         3422    .text               mc_w.l(__dczerorl2.o)
    0x0800028a   0x0800028a   0x00000002   PAD
    0x0800028c   0x0800028c   0x000000d4   Code   RO         2618    i.APP_FREERTOS_Start  app_freertos.o
    0x08000360   0x08000360   0x00000104   Code   RO         2712    i.APP_show_alarm_set  app_show.o
    0x08000464   0x08000464   0x00000084   Code   RO         2713    i.APP_show_normal   app_show.o
    0x080004e8   0x080004e8   0x00000014   Code   RO         2714    i.APP_show_start    app_show.o
    0x080004fc   0x080004fc   0x00000064   Code   RO         2715    i.APP_show_time_set  app_show.o
    0x08000560   0x08000560   0x00000234   Code   RO         2767    i.APP_switch_alarm_set_process  app_switch.o
    0x08000794   0x08000794   0x000000f8   Code   RO         2768    i.APP_switch_key_process  app_switch.o
    0x0800088c   0x0800088c   0x00000078   Code   RO         2769    i.APP_switch_rotary_process  app_switch.o
    0x08000904   0x08000904   0x000001bc   Code   RO         2770    i.APP_switch_time_set_process  app_switch.o
    0x08000ac0   0x08000ac0   0x00000004   Code   RO          275    i.BusFault_Handler  stm32f1xx_it.o
    0x08000ac4   0x08000ac4   0x000001b0   Code   RO         2954    i.DHT11_Get_Temp_Humi  init_dht11.o
    0x08000c74   0x08000c74   0x0000001c   Code   RO         2955    i.DHT11_Init        init_dht11.o
    0x08000c90   0x08000c90   0x00000002   Code   RO          276    i.DebugMon_Handler  stm32f1xx_it.o
    0x08000c92   0x08000c92   0x00000006   Code   RO           13    i.Error_Handler     main.o
    0x08000c98   0x08000c98   0x00000320   Code   RO         1093    i.HAL_GPIO_Init     stm32f1xx_hal_gpio.o
    0x08000fb8   0x08000fb8   0x00000010   Code   RO         1095    i.HAL_GPIO_ReadPin  stm32f1xx_hal_gpio.o
    0x08000fc8   0x08000fc8   0x0000000c   Code   RO         1097    i.HAL_GPIO_WritePin  stm32f1xx_hal_gpio.o
    0x08000fd4   0x08000fd4   0x0000000c   Code   RO          782    i.HAL_GetTick       stm32f1xx_hal.o
    0x08000fe0   0x08000fe0   0x00000018   Code   RO          788    i.HAL_IncTick       stm32f1xx_hal.o
    0x08000ff8   0x08000ff8   0x00000028   Code   RO          789    i.HAL_Init          stm32f1xx_hal.o
    0x08001020   0x08001020   0x0000004c   Code   RO          790    i.HAL_InitTick      stm32f1xx_hal.o
    0x0800106c   0x0800106c   0x00000054   Code   RO          338    i.HAL_MspInit       stm32f1xx_hal_msp.o
    0x080010c0   0x080010c0   0x0000007c   Code   RO         1259    i.HAL_NVIC_SetPriority  stm32f1xx_hal_cortex.o
    0x0800113c   0x0800113c   0x00000028   Code   RO         1260    i.HAL_NVIC_SetPriorityGrouping  stm32f1xx_hal_cortex.o
    0x08001164   0x08001164   0x0000018c   Code   RO          946    i.HAL_RCC_ClockConfig  stm32f1xx_hal_rcc.o
    0x080012f0   0x080012f0   0x0000000c   Code   RO          951    i.HAL_RCC_GetHCLKFreq  stm32f1xx_hal_rcc.o
    0x080012fc   0x080012fc   0x00000020   Code   RO          953    i.HAL_RCC_GetPCLK1Freq  stm32f1xx_hal_rcc.o
    0x0800131c   0x0800131c   0x00000020   Code   RO          954    i.HAL_RCC_GetPCLK2Freq  stm32f1xx_hal_rcc.o
    0x0800133c   0x0800133c   0x00000070   Code   RO          955    i.HAL_RCC_GetSysClockFreq  stm32f1xx_hal_rcc.o
    0x080013ac   0x080013ac   0x00000464   Code   RO          958    i.HAL_RCC_OscConfig  stm32f1xx_hal_rcc.o
    0x08001810   0x08001810   0x00000034   Code   RO         1264    i.HAL_SYSTICK_Config  stm32f1xx_hal_cortex.o
    0x08001844   0x08001844   0x00000076   Code   RO          428    i.HAL_UART_Init     stm32f1xx_hal_uart.o
    0x080018ba   0x080018ba   0x00000002   PAD
    0x080018bc   0x080018bc   0x00000088   Code   RO          234    i.HAL_UART_MspInit  usart.o
    0x08001944   0x08001944   0x000000be   Code   RO          436    i.HAL_UART_Transmit  stm32f1xx_hal_uart.o
    0x08001a02   0x08001a02   0x00000004   Code   RO          277    i.HardFault_Handler  stm32f1xx_it.o
    0x08001a06   0x08001a06   0x00000002   PAD
    0x08001a08   0x08001a08   0x000000a0   Code   RO         3038    i.Inf_led_number    init_led.o
    0x08001aa8   0x08001aa8   0x00000224   Code   RO         3039    i.Inf_led_set_all   init_led.o
    0x08001ccc   0x08001ccc   0x00000014   Code   RO         3041    i.Inf_led_start     init_led.o
    0x08001ce0   0x08001ce0   0x0000001c   Code   RO         3042    i.Inf_led_stop      init_led.o
    0x08001cfc   0x08001cfc   0x00000100   Code   RO         3043    i.Inf_led_time_set  init_led.o
    0x08001dfc   0x08001dfc   0x000000a4   Code   RO         3044    i.Inf_led_write     init_led.o
    0x08001ea0   0x08001ea0   0x0000015c   Code   RO          209    i.MX_GPIO_Init      gpio.o
    0x08001ffc   0x08001ffc   0x00000038   Code   RO          235    i.MX_USART1_UART_Init  usart.o
    0x08002034   0x08002034   0x00000004   Code   RO          278    i.MemManage_Handler  stm32f1xx_it.o
    0x08002038   0x08002038   0x00000004   Code   RO          279    i.NMI_Handler       stm32f1xx_it.o
    0x0800203c   0x0800203c   0x0000000c   Code   RO         2987    i.NV020D_Init       init_nv020d.o
    0x08002048   0x08002048   0x0000008c   Code   RO         2989    i.NV020D_send_cmd   init_nv020d.o
    0x080020d4   0x080020d4   0x00000028   Code   RO          959    i.RCC_Delay         stm32f1xx_hal_rcc.o
    0x080020fc   0x080020fc   0x00000014   Code   RO          280    i.SysTick_Handler   stm32f1xx_it.o
    0x08002110   0x08002110   0x00000066   Code   RO           14    i.SystemClock_Config  main.o
    0x08002176   0x08002176   0x00000002   Code   RO         1780    i.SystemInit        system_stm32f1xx.o
    0x08002178   0x08002178   0x0000006c   Code   RO          451    i.UART_EndRxTransfer  stm32f1xx_hal_uart.o
    0x080021e4   0x080021e4   0x000000fc   Code   RO          455    i.UART_SetConfig    stm32f1xx_hal_uart.o
    0x080022e0   0x080022e0   0x0000008c   Code   RO          459    i.UART_WaitOnFlagUntilTimeout  stm32f1xx_hal_uart.o
    0x0800236c   0x0800236c   0x00000004   Code   RO          281    i.UsageFault_Handler  stm32f1xx_it.o
    0x08002370   0x08002370   0x00000020   Code   RO         3202    i.__0printf$3       mc_w.l(printf3.o)
    0x08002390   0x08002390   0x00000010   Code   RO         1266    i.__NVIC_GetPriorityGrouping  stm32f1xx_hal_cortex.o
    0x080023a0   0x080023a0   0x00000028   Code   RO         1267    i.__NVIC_SetPriority  stm32f1xx_hal_cortex.o
    0x080023c8   0x080023c8   0x0000000e   Code   RO         3416    i.__scatterload_copy  mc_w.l(handlers.o)
    0x080023d6   0x080023d6   0x00000002   Code   RO         3417    i.__scatterload_null  mc_w.l(handlers.o)
    0x080023d8   0x080023d8   0x0000000e   Code   RO         3418    i.__scatterload_zeroinit  mc_w.l(handlers.o)
    0x080023e6   0x080023e6   0x00000002   PAD
    0x080023e8   0x080023e8   0x000001b8   Code   RO         3209    i._printf_core      mc_w.l(printf3.o)
    0x080025a0   0x080025a0   0x000000fc   Code   RO         2679    i.app_datetime_get  app_dateime.o
    0x0800269c   0x0800269c   0x000001b4   Code   RO         2680    i.app_datetime_set  app_dateime.o
    0x08002850   0x08002850   0x000000bc   Code   RO         2915    i.ds1302z_read      init_ds1302z.o
    0x0800290c   0x0800290c   0x000000b8   Code   RO         2916    i.ds1302z_write     init_ds1302z.o
    0x080029c4   0x080029c4   0x0000001c   Code   RO         1816    i.fputc             common.o
    0x080029e0   0x080029e0   0x0000003c   Code   RO         2813    i.get_key_value     init_key.o
    0x08002a1c   0x08002a1c   0x0000001c   Code   RO         2814    i.get_led_value     init_key.o
    0x08002a38   0x08002a38   0x0000001c   Code   RO         2815    i.get_light_value   init_key.o
    0x08002a54   0x08002a54   0x0000001c   Code   RO         2888    i.get_mic_value     init_mic.o
    0x08002a70   0x08002a70   0x0000004c   Code   RO         2858    i.get_touch_value   init_touch.o
    0x08002abc   0x08002abc   0x00000012   Code   RO         2917    i.init_delay        init_ds1302z.o
    0x08002ace   0x08002ace   0x00000002   PAD
    0x08002ad0   0x08002ad0   0x000000e0   Code   RO         2816    i.init_get_key_value  init_key.o
    0x08002bb0   0x08002bb0   0x00000018   Code   RO           15    i.main              main.o
    0x08002bc8   0x08002bc8   0x000000cc   Code   RO         2140    i.prvAddCurrentTaskToDelayedList  tasks.o
    0x08002c94   0x08002c94   0x000000f0   Code   RO         2141    i.prvAddNewTaskToReadyList  tasks.o
    0x08002d84   0x08002d84   0x00000048   Code   RO         2142    i.prvCheckTasksWaitingTermination  tasks.o
    0x08002dcc   0x08002dcc   0x00000068   Code   RO         2143    i.prvCreateIdleTasks  tasks.o
    0x08002e34   0x08002e34   0x0000005a   Code   RO         2144    i.prvCreateTask     tasks.o
    0x08002e8e   0x08002e8e   0x00000012   Code   RO         2145    i.prvDeleteTCB      tasks.o
    0x08002ea0   0x08002ea0   0x0000006c   Code   RO         2477    i.prvHeapInit       heap_4.o
    0x08002f0c   0x08002f0c   0x00000028   Code   RO         2146    i.prvIdleTask       tasks.o
    0x08002f34   0x08002f34   0x0000007a   Code   RO         2147    i.prvInitialiseNewTask  tasks.o
    0x08002fae   0x08002fae   0x00000002   PAD
    0x08002fb0   0x08002fb0   0x00000068   Code   RO         2148    i.prvInitialiseTaskLists  tasks.o
    0x08003018   0x08003018   0x00000068   Code   RO         2478    i.prvInsertBlockIntoFreeList  heap_4.o
    0x08003080   0x08003080   0x00000030   Code   RO         2149    i.prvResetNextTaskUnblockTime  tasks.o
    0x080030b0   0x080030b0   0x00000016   Code   RO         2545    i.prvTaskExitError  port.o
    0x080030c6   0x080030c6   0x00000002   PAD
    0x080030c8   0x080030c8   0x00000100   Code   RO         2480    i.pvPortMalloc      heap_4.o
    0x080031c8   0x080031c8   0x00000024   Code   RO         2546    i.pxPortInitialiseStack  port.o
    0x080031ec   0x080031ec   0x00000170   Code   RO         2619    i.task_alarm        app_freertos.o
    0x0800335c   0x0800335c   0x00000044   Code   RO         2620    i.task_collect      app_freertos.o
    0x080033a0   0x080033a0   0x0000008c   Code   RO         2621    i.task_show         app_freertos.o
    0x0800342c   0x0800342c   0x00000060   Code   RO         2622    i.task_switch       app_freertos.o
    0x0800348c   0x0800348c   0x000000b8   Code   RO         2623    i.task_volume       app_freertos.o
    0x08003544   0x08003544   0x00000028   Code   RO         1941    i.uxListRemove      list.o
    0x0800356c   0x0800356c   0x0000001a   Code   RO         1942    i.vListInitialise   list.o
    0x08003586   0x08003586   0x00000006   Code   RO         1943    i.vListInitialiseItem  list.o
    0x0800358c   0x0800358c   0x00000034   Code   RO         1944    i.vListInsert       list.o
    0x080035c0   0x080035c0   0x00000024   Code   RO         2548    i.vPortEnterCritical  port.o
    0x080035e4   0x080035e4   0x00000020   Code   RO         2549    i.vPortExitCritical  port.o
    0x08003604   0x08003604   0x0000004c   Code   RO         2481    i.vPortFree         heap_4.o
    0x08003650   0x08003650   0x00000018   Code   RO         2550    i.vPortSetupTimerInterrupt  port.o
    0x08003668   0x08003668   0x00000034   Code   RO         2157    i.vTaskDelay        tasks.o
    0x0800369c   0x0800369c   0x0000004c   Code   RO         2170    i.vTaskStartScheduler  tasks.o
    0x080036e8   0x080036e8   0x00000010   Code   RO         2172    i.vTaskSuspendAll   tasks.o
    0x080036f8   0x080036f8   0x00000068   Code   RO         2173    i.vTaskSwitchContext  tasks.o
    0x08003760   0x08003760   0x00000034   Code   RO         2551    i.xPortStartScheduler  port.o
    0x08003794   0x08003794   0x00000034   Code   RO         2552    i.xPortSysTickHandler  port.o
    0x080037c8   0x080037c8   0x00000038   Code   RO         2176    i.xTaskCreate       tasks.o
    0x08003800   0x08003800   0x00000020   Code   RO         2184    i.xTaskGetSchedulerState  tasks.o
    0x08003820   0x08003820   0x0000000c   Code   RO         2185    i.xTaskGetTickCount  tasks.o
    0x0800382c   0x0800382c   0x000001a0   Code   RO         2187    i.xTaskIncrementTick  tasks.o
    0x080039cc   0x080039cc   0x0000017c   Code   RO         2189    i.xTaskResumeAll    tasks.o
    0x08003b48   0x08003b48   0x00000012   Data   RO          960    .constdata          stm32f1xx_hal_rcc.o
    0x08003b5a   0x08003b5a   0x00000018   Data   RO         1781    .constdata          system_stm32f1xx.o
    0x08003b72   0x08003b72   0x00000002   PAD
    0x08003b74   0x08003b74   0x00000020   Data   RO         3414    Region$$Table       anon$$obj.o


    Execution Region RW_IRAM1 (Exec base: 0x20000000, Load base: 0x08003b94, Size: 0x00004a70, Max: 0x00005000, ABSOLUTE, COMPRESSED[0x00000048])

    Exec Addr    Load Addr    Size         Type   Attr      Idx    E Section Name        Object

    0x20000000   COMPRESSED   0x00000009   Data   RW          796    .data               stm32f1xx_hal.o
    0x20000009   COMPRESSED   0x00000003   PAD
    0x2000000c   COMPRESSED   0x00000004   Data   RW         1782    .data               system_stm32f1xx.o
    0x20000010   COMPRESSED   0x00000040   Data   RW         2192    .data               tasks.o
    0x20000050   COMPRESSED   0x0000001c   Data   RW         2488    .data               heap_4.o
    0x2000006c   COMPRESSED   0x00000004   Data   RW         2553    .data               port.o
    0x20000070   COMPRESSED   0x0000002c   Data   RW         2625    .data               app_freertos.o
    0x2000009c   COMPRESSED   0x00000008   Data   RW         2716    .data               app_show.o
    0x200000a4   COMPRESSED   0x00000008   Data   RW         2771    .data               app_switch.o
    0x200000ac   COMPRESSED   0x00000001   Data   RW         2859    .data               init_touch.o
    0x200000ad   COMPRESSED   0x00000003   PAD
    0x200000b0   COMPRESSED   0x00000099   Data   RW         3045    .data               init_led.o
    0x20000149   COMPRESSED   0x00000003   PAD
    0x2000014c   COMPRESSED   0x00000004   Data   RW         3390    .data               mc_w.l(stdout.o)
    0x20000150        -       0x00000048   Zero   RW          236    .bss                usart.o
    0x20000198        -       0x000000c8   Zero   RW         2191    .bss                tasks.o
    0x20000260        -       0x00004400   Zero   RW         2487    .bss                heap_4.o
    0x20004660        -       0x0000000a   Zero   RW         2624    .bss                app_freertos.o
    0x2000466a   COMPRESSED   0x00000006   PAD
    0x20004670        -       0x00000400   Zero   RW            1    STACK               startup_stm32f103xb.o


==============================================================================

Image component sizes


      Code (inc. data)   RO Data    RW Data    ZI Data      Debug   Object Name

       688          0          0          0          0       2422   app_dateime.o
      1068        196          0         44         10       4440   app_freertos.o
       512         46          0          8          0       4662   app_show.o
      1376         78          0          8          0       3207   app_switch.o
        28          6          0          0          0        480   common.o
         0          0          0          0          0       2528   event_groups.o
       348         14          0          0          0       1003   gpio.o
       544         58          0         28      17408       4683   heap_4.o
       460         98          0          0          0       1743   init_dht11.o
       390          8          0          0          0       1940   init_ds1302z.o
       340         20          0          0          0       3307   init_key.o
      1176         92          0        153          0       5133   init_led.o
        28          6          0          0          0        792   init_mic.o
       152          6          0          0          0       1040   init_nv020d.o
        76         10          0          1          0       1044   init_touch.o
       124          0          0          0          0       2513   list.o
       132          0          0          0          0     414344   main.o
       404         48          0          4          0       8724   port.o
        36          8        236          0       1024        784   startup_stm32f103xb.o
       152         32          0          9          0       5153   stm32f1xx_hal.o
       272         22          0          0          0      28642   stm32f1xx_hal_cortex.o
       828         34          0          0          0       3239   stm32f1xx_hal_gpio.o
        84          8          0          0          0        858   stm32f1xx_hal_msp.o
      1748         98         18          0          0       5816   stm32f1xx_hal_rcc.o
       808          4          0          0          0       4268   stm32f1xx_hal_uart.o
        42          0          0          0          0       2955   stm32f1xx_it.o
         2          0         24          4          0       1059   system_stm32f1xx.o
      2186        278          0         64        200      29574   tasks.o
       192         24          0          0         72       1586   usart.o

    ----------------------------------------------------------------------
     14208       1194        312        332      18720     547939   Object Totals
         0          0         32          0          0          0   (incl. Generated)
        12          0          2          9          6          0   (incl. Padding)

    ----------------------------------------------------------------------

      Code (inc. data)   RO Data    RW Data    ZI Data      Debug   Library Member Name

        86          0          0          0          0          0   __dczerorl2.o
         0          0          0          0          0          0   entry.o
         0          0          0          0          0          0   entry10a.o
         0          0          0          0          0          0   entry11a.o
         4          0          0          0          0          0   entry12b.o
         8          4          0          0          0          0   entry2.o
         4          0          0          0          0          0   entry5.o
         0          0          0          0          0          0   entry7b.o
         0          0          0          0          0          0   entry8b.o
         8          4          0          0          0          0   entry9a.o
        30          0          0          0          0          0   handlers.o
        36          8          0          0          0         68   init.o
        36          0          0          0          0        108   memseta.o
       472         14          0          0          0        184   printf3.o
         0          0          0          4          0          0   stdout.o
        44          0          0          0          0         80   uidiv.o

    ----------------------------------------------------------------------
       732         30          0          4          0        440   Library Totals
         4          0          0          0          0          0   (incl. Padding)

    ----------------------------------------------------------------------

      Code (inc. data)   RO Data    RW Data    ZI Data      Debug   Library Name

       728         30          0          4          0        440   mc_w.l

    ----------------------------------------------------------------------
       732         30          0          4          0        440   Library Totals

    ----------------------------------------------------------------------

==============================================================================


      Code (inc. data)   RO Data    RW Data    ZI Data      Debug   

     14940       1224        312        336      18720     543047   Grand Totals
     14940       1224        312         72      18720     543047   ELF Image Totals (compressed)
     14940       1224        312         72          0          0   ROM Totals

==============================================================================

    Total RO  Size (Code + RO Data)                15252 (  14.89kB)
    Total RW  Size (RW Data + ZI Data)             19056 (  18.61kB)
    Total ROM Size (Code + RO Data + RW Data)      15324 (  14.96kB)

==============================================================================

